E:/Electronics/STM32/AhuraOS/AhuraRTOS_Example/Stm32Sample/AhuraRtos_F1/AhuraRTOS/kernel/arch/arm/cortex_m3/../common/os_arch_port_common.h:808:23:os_arch_atomic_load	16	static
../AhuraRTOS/kernel/core/os_atomic.c:62:9:os_atomic_get	24	static
../AhuraRTOS/kernel/core/os_atomic.c:82:9:os_atomic_set	24	static
../AhuraRTOS/kernel/core/os_atomic.c:103:9:os_atomic_clear	24	static
../AhuraRTOS/kernel/core/os_atomic.c:125:9:os_atomic_add	24	static
../AhuraRTOS/kernel/core/os_atomic.c:147:9:os_atomic_sub	24	static
../AhuraRTOS/kernel/core/os_atomic.c:168:9:os_atomic_inc	24	static
../AhuraRTOS/kernel/core/os_atomic.c:189:9:os_atomic_dec	24	static
../AhuraRTOS/kernel/core/os_atomic.c:211:9:os_atomic_or	24	static
../AhuraRTOS/kernel/core/os_atomic.c:233:9:os_atomic_and	24	static
../AhuraRTOS/kernel/core/os_atomic.c:255:9:os_atomic_xor	24	static
../AhuraRTOS/kernel/core/os_atomic.c:277:9:os_atomic_nand	24	static
../AhuraRTOS/kernel/core/os_atomic.c:306:6:os_atomic_cas	32	static
../AhuraRTOS/kernel/core/os_atomic.c:328:6:os_atomic_test_bit	24	static
../AhuraRTOS/kernel/core/os_atomic.c:352:6:os_atomic_test_and_set_bit	32	static
../AhuraRTOS/kernel/core/os_atomic.c:378:6:os_atomic_test_and_clear_bit	32	static
../AhuraRTOS/kernel/core/os_atomic.c:404:6:os_atomic_set_bit	16	static
../AhuraRTOS/kernel/core/os_atomic.c:423:6:os_atomic_clear_bit	16	static
../AhuraRTOS/kernel/core/os_atomic.c:443:6:os_atomic_set_bit_to	32	static
