E:/Electronics/STM32/AhuraOS/AhuraRTOS_Example/Stm32Sample/AhuraRtos_F1/AhuraRTOS/kernel/arch/arm/cortex_m3/../common/os_arch_port_common.h:429:24:os_arch_primask_get	16	static,ignoring_inline_asm
E:/Electronics/STM32/AhuraOS/AhuraRTOS_Example/Stm32Sample/AhuraRtos_F1/AhuraRTOS/kernel/arch/arm/cortex_m3/../common/os_arch_port_common.h:442:20:os_arch_in_isr	16	static,ignoring_inline_asm
E:/Electronics/STM32/AhuraOS/AhuraRTOS_Example/Stm32Sample/AhuraRtos_F1/AhuraRTOS/kernel/arch/arm/cortex_m3/../common/os_arch_port_common.h:468:24:os_arch_kernel_mask_save	16	static,ignoring_inline_asm
E:/Electronics/STM32/AhuraOS/AhuraRTOS_Example/Stm32Sample/AhuraRtos_F1/AhuraRTOS/kernel/arch/arm/cortex_m3/../common/os_arch_port_common.h:495:20:os_arch_kernel_mask_restore	16	static,ignoring_inline_asm
E:/Electronics/STM32/AhuraOS/AhuraRTOS_Example/Stm32Sample/AhuraRtos_F1/AhuraRTOS/kernel/arch/arm/cortex_m3/../common/os_arch_port_common.h:530:20:os_arch_config_fault_trap	4	static,ignoring_inline_asm
E:/Electronics/STM32/AhuraOS/AhuraRTOS_Example/Stm32Sample/AhuraRtos_F1/AhuraRTOS/kernel/arch/arm/cortex_m3/../common/os_arch_port_common.h:1001:24:os_arch_core_id_get	4	static
../AhuraRTOS/kernel/core/os_kernel.c:78:14:os_arch_soc_init_cb	4	static
../AhuraRTOS/kernel/core/os_kernel.c:89:14:os_arch_soc_diagnose_cb	4	static
../AhuraRTOS/kernel/core/os_kernel.c:100:14:os_arch_soc_idle_cb	4	static,ignoring_inline_asm
../AhuraRTOS/kernel/core/os_kernel.c:106:6:os_init	8	static
../AhuraRTOS/kernel/core/os_kernel.c:150:6:os_start	8	static
../AhuraRTOS/kernel/core/os_kernel.c:228:6:os_kernel_is_running	4	static
../AhuraRTOS/kernel/core/os_kernel.c:249:6:os_kernel_lock	16	static
../AhuraRTOS/kernel/core/os_kernel.c:271:6:os_kernel_unlock	24	static,ignoring_inline_asm
../AhuraRTOS/kernel/core/os_kernel.c:313:6:os_kernel_is_locked	8	static
../AhuraRTOS/kernel/core/os_kernel.c:333:6:os_assert_failed	16	static
../AhuraRTOS/kernel/core/os_kernel.c:363:17:os_main_system_init	40	static
../AhuraRTOS/kernel/core/os_kernel.c:394:13:os_main_task_entry	16	static
