E:/Electronics/STM32/AhuraOS/AhuraRTOS_Example/Stm32Sample/AhuraRtos_F1/AhuraRTOS/kernel/arch/arm/cortex_m3/../common/os_arch_port_common.h:442:20:os_arch_in_isr	16	static,ignoring_inline_asm
E:/Electronics/STM32/AhuraOS/AhuraRTOS_Example/Stm32Sample/AhuraRtos_F1/AhuraRTOS/kernel/arch/arm/cortex_m3/../common/os_arch_port_common.h:1001:24:os_arch_core_id_get	4	static
../AhuraRTOS/kernel/core/os_internal.h:325:20:os_internal_can_block	8	static
../AhuraRTOS/kernel/core/os_internal.h:337:24:os_internal_timeout_to_ticks	16	static
../AhuraRTOS/kernel/core/os_internal.h:370:24:os_internal_wait_remaining	24	static
../AhuraRTOS/kernel/core/os_queue.c:53:10:os_queue_send	48	static
../AhuraRTOS/kernel/core/os_queue.c:141:10:os_queue_receive	48	static
../AhuraRTOS/kernel/core/os_queue.c:225:8:os_queue_count_get	24	static
../AhuraRTOS/kernel/core/os_queue.c:256:8:os_queue_free_get	24	static
../AhuraRTOS/kernel/core/os_queue.c:294:10:os_queue_init_dynamic	32	static
../AhuraRTOS/kernel/core/os_queue.c:371:10:os_queue_cleanup	24	static
../AhuraRTOS/kernel/core/os_queue.c:449:17:os_queue_bind_buffer	32	static
