E:/Electronics/STM32/AhuraOS/AhuraRTOS_Example/Stm32Sample/AhuraRtos_F1/AhuraRTOS/kernel/arch/arm/cortex_m3/../common/os_arch_port_common.h:429:24:os_arch_primask_get	16	static,ignoring_inline_asm
E:/Electronics/STM32/AhuraOS/AhuraRTOS_Example/Stm32Sample/AhuraRtos_F1/AhuraRTOS/kernel/arch/arm/cortex_m3/../common/os_arch_port_common.h:468:24:os_arch_kernel_mask_save	16	static,ignoring_inline_asm
E:/Electronics/STM32/AhuraOS/AhuraRTOS_Example/Stm32Sample/AhuraRtos_F1/AhuraRTOS/kernel/arch/arm/cortex_m3/../common/os_arch_port_common.h:495:20:os_arch_kernel_mask_restore	16	static,ignoring_inline_asm
../AhuraRTOS/kernel/core/os_internal.h:312:20:os_critical_multicore_lock	4	static
../AhuraRTOS/kernel/core/os_internal.h:313:20:os_critical_multicore_unlock	4	static
../AhuraRTOS/kernel/core/os_timer.c:158:10:os_timer_start	24	static
../AhuraRTOS/kernel/core/os_timer.c:178:10:os_timer_restart	24	static
../AhuraRTOS/kernel/core/os_timer.c:196:10:os_timer_pause	24	static
../AhuraRTOS/kernel/core/os_timer.c:230:10:os_timer_stop	24	static
../AhuraRTOS/kernel/core/os_timer.c:267:10:os_timer_period_set	88	static
../AhuraRTOS/kernel/core/os_timer.c:300:10:os_timer_callback_set	24	static
../AhuraRTOS/kernel/core/os_timer.c:331:10:os_timer_value_set	24	static
../AhuraRTOS/kernel/core/os_timer.c:372:10:os_timer_submit	40	static
../AhuraRTOS/kernel/core/os_timer.c:449:13:os_timer_pool_prepare_locked	24	static
../AhuraRTOS/kernel/core/os_timer.c:488:10:os_timer_system_init	40	static
../AhuraRTOS/kernel/core/os_timer.c:535:6:os_timer_tick_process	32	static
../AhuraRTOS/kernel/core/os_timer.c:617:10:os_timer_next_expiry_ticks_get	24	static
../AhuraRTOS/kernel/core/os_timer.c:661:13:os_timer_task_entry	32	static
../AhuraRTOS/kernel/core/os_timer.c:713:13:os_timer_expired_fetch	40	static
../AhuraRTOS/kernel/core/os_timer.c:785:17:os_timer_arm	32	static
../AhuraRTOS/kernel/core/os_timer.c:852:13:os_timer_detach_locked	16	static
../AhuraRTOS/kernel/core/os_timer.c:872:13:os_timer_is_running_linked	16	static
../AhuraRTOS/kernel/core/os_timer.c:889:13:os_timer_member_locked	24	static
../AhuraRTOS/kernel/core/os_timer.c:922:13:os_timer_unlink_locked	24	static
