Archive member included to satisfy reference by file (symbol)

C:/ST/STM32CubeIDE_1.18.1/STM32CubeIDE/plugins/com.st.stm32cube.ide.mcu.externaltools.gnu-tools-for-stm32.13.3.rel1.win32_1.0.0.202411081344/tools/bin/../lib/gcc/arm-none-eabi/13.3.1/../../../../arm-none-eabi/lib/thumb/v7-m/nofp\libc_nano.a(libc_a-exit.o)
                              C:/ST/STM32CubeIDE_1.18.1/STM32CubeIDE/plugins/com.st.stm32cube.ide.mcu.externaltools.gnu-tools-for-stm32.13.3.rel1.win32_1.0.0.202411081344/tools/bin/../lib/gcc/arm-none-eabi/13.3.1/../../../../arm-none-eabi/lib/thumb/v7-m/nofp/crt0.o (exit)
C:/ST/STM32CubeIDE_1.18.1/STM32CubeIDE/plugins/com.st.stm32cube.ide.mcu.externaltools.gnu-tools-for-stm32.13.3.rel1.win32_1.0.0.202411081344/tools/bin/../lib/gcc/arm-none-eabi/13.3.1/../../../../arm-none-eabi/lib/thumb/v7-m/nofp\libc_nano.a(libc_a-findfp.o)
                              C:/ST/STM32CubeIDE_1.18.1/STM32CubeIDE/plugins/com.st.stm32cube.ide.mcu.externaltools.gnu-tools-for-stm32.13.3.rel1.win32_1.0.0.202411081344/tools/bin/../lib/gcc/arm-none-eabi/13.3.1/../../../../arm-none-eabi/lib/thumb/v7-m/nofp\libc_nano.a(libc_a-exit.o) (__stdio_exit_handler)
C:/ST/STM32CubeIDE_1.18.1/STM32CubeIDE/plugins/com.st.stm32cube.ide.mcu.externaltools.gnu-tools-for-stm32.13.3.rel1.win32_1.0.0.202411081344/tools/bin/../lib/gcc/arm-none-eabi/13.3.1/../../../../arm-none-eabi/lib/thumb/v7-m/nofp\libc_nano.a(libc_a-fwalk.o)
                              C:/ST/STM32CubeIDE_1.18.1/STM32CubeIDE/plugins/com.st.stm32cube.ide.mcu.externaltools.gnu-tools-for-stm32.13.3.rel1.win32_1.0.0.202411081344/tools/bin/../lib/gcc/arm-none-eabi/13.3.1/../../../../arm-none-eabi/lib/thumb/v7-m/nofp\libc_nano.a(libc_a-findfp.o) (_fwalk_sglue)
C:/ST/STM32CubeIDE_1.18.1/STM32CubeIDE/plugins/com.st.stm32cube.ide.mcu.externaltools.gnu-tools-for-stm32.13.3.rel1.win32_1.0.0.202411081344/tools/bin/../lib/gcc/arm-none-eabi/13.3.1/../../../../arm-none-eabi/lib/thumb/v7-m/nofp\libc_nano.a(libc_a-snprintf.o)
                              ./AhuraRTOS/kernel/core/os_log.o (snprintf)
C:/ST/STM32CubeIDE_1.18.1/STM32CubeIDE/plugins/com.st.stm32cube.ide.mcu.externaltools.gnu-tools-for-stm32.13.3.rel1.win32_1.0.0.202411081344/tools/bin/../lib/gcc/arm-none-eabi/13.3.1/../../../../arm-none-eabi/lib/thumb/v7-m/nofp\libc_nano.a(libc_a-stdio.o)
                              C:/ST/STM32CubeIDE_1.18.1/STM32CubeIDE/plugins/com.st.stm32cube.ide.mcu.externaltools.gnu-tools-for-stm32.13.3.rel1.win32_1.0.0.202411081344/tools/bin/../lib/gcc/arm-none-eabi/13.3.1/../../../../arm-none-eabi/lib/thumb/v7-m/nofp\libc_nano.a(libc_a-findfp.o) (__sread)
C:/ST/STM32CubeIDE_1.18.1/STM32CubeIDE/plugins/com.st.stm32cube.ide.mcu.externaltools.gnu-tools-for-stm32.13.3.rel1.win32_1.0.0.202411081344/tools/bin/../lib/gcc/arm-none-eabi/13.3.1/../../../../arm-none-eabi/lib/thumb/v7-m/nofp\libc_nano.a(libc_a-vsnprintf.o)
                              ./AhuraRTOS/kernel/core/os_log.o (vsnprintf)
C:/ST/STM32CubeIDE_1.18.1/STM32CubeIDE/plugins/com.st.stm32cube.ide.mcu.externaltools.gnu-tools-for-stm32.13.3.rel1.win32_1.0.0.202411081344/tools/bin/../lib/gcc/arm-none-eabi/13.3.1/../../../../arm-none-eabi/lib/thumb/v7-m/nofp\libc_nano.a(libc_a-memset.o)
                              C:/ST/STM32CubeIDE_1.18.1/STM32CubeIDE/plugins/com.st.stm32cube.ide.mcu.externaltools.gnu-tools-for-stm32.13.3.rel1.win32_1.0.0.202411081344/tools/bin/../lib/gcc/arm-none-eabi/13.3.1/../../../../arm-none-eabi/lib/thumb/v7-m/nofp/crt0.o (memset)
C:/ST/STM32CubeIDE_1.18.1/STM32CubeIDE/plugins/com.st.stm32cube.ide.mcu.externaltools.gnu-tools-for-stm32.13.3.rel1.win32_1.0.0.202411081344/tools/bin/../lib/gcc/arm-none-eabi/13.3.1/../../../../arm-none-eabi/lib/thumb/v7-m/nofp\libc_nano.a(libc_a-closer.o)
                              C:/ST/STM32CubeIDE_1.18.1/STM32CubeIDE/plugins/com.st.stm32cube.ide.mcu.externaltools.gnu-tools-for-stm32.13.3.rel1.win32_1.0.0.202411081344/tools/bin/../lib/gcc/arm-none-eabi/13.3.1/../../../../arm-none-eabi/lib/thumb/v7-m/nofp\libc_nano.a(libc_a-stdio.o) (_close_r)
C:/ST/STM32CubeIDE_1.18.1/STM32CubeIDE/plugins/com.st.stm32cube.ide.mcu.externaltools.gnu-tools-for-stm32.13.3.rel1.win32_1.0.0.202411081344/tools/bin/../lib/gcc/arm-none-eabi/13.3.1/../../../../arm-none-eabi/lib/thumb/v7-m/nofp\libc_nano.a(libc_a-reent.o)
                              C:/ST/STM32CubeIDE_1.18.1/STM32CubeIDE/plugins/com.st.stm32cube.ide.mcu.externaltools.gnu-tools-for-stm32.13.3.rel1.win32_1.0.0.202411081344/tools/bin/../lib/gcc/arm-none-eabi/13.3.1/../../../../arm-none-eabi/lib/thumb/v7-m/nofp\libc_nano.a(libc_a-closer.o) (errno)
C:/ST/STM32CubeIDE_1.18.1/STM32CubeIDE/plugins/com.st.stm32cube.ide.mcu.externaltools.gnu-tools-for-stm32.13.3.rel1.win32_1.0.0.202411081344/tools/bin/../lib/gcc/arm-none-eabi/13.3.1/../../../../arm-none-eabi/lib/thumb/v7-m/nofp\libc_nano.a(libc_a-impure.o)
[...]
Memory Configuration

Name             Origin             Length             Attributes
RAM              0x20000000         0x00010000         xrw
FLASH            0x08000000         0x00080000         xr
*default*        0x00000000         0xffffffff

Linker script and memory map

LOAD C:/ST/STM32CubeIDE_1.18.1/STM32CubeIDE/plugins/com.st.stm32cube.ide.mcu.externaltools.gnu-tools-for-stm32.13.3.rel1.win32_1.0.0.202411081344/tools/bin/../lib/gcc/arm-none-eabi/13.3.1/thumb/v7-m/nofp/crti.o
LOAD C:/ST/STM32CubeIDE_1.18.1/STM32CubeIDE/plugins/com.st.stm32cube.ide.mcu.externaltools.gnu-tools-for-stm32.13.3.rel1.win32_1.0.0.202411081344/tools/bin/../lib/gcc/arm-none-eabi/13.3.1/thumb/v7-m/nofp/crtbegin.o
LOAD C:/ST/STM32CubeIDE_1.18.1/STM32CubeIDE/plugins/com.st.stm32cube.ide.mcu.externaltools.gnu-tools-for-stm32.13.3.rel1.win32_1.0.0.202411081344/tools/bin/../lib/gcc/arm-none-eabi/13.3.1/../../../../arm-none-eabi/lib/thumb/v7-m/nofp/crt0.o
LOAD ./AhuraRTOS/kernel/arch/arm/cortex_m3/os_arch_port.o
LOAD ./AhuraRTOS/kernel/core/os_atomic.o
LOAD ./AhuraRTOS/kernel/core/os_critical.o
LOAD ./AhuraRTOS/kernel/core/os_delay.o
LOAD ./AhuraRTOS/kernel/core/os_event.o
LOAD ./AhuraRTOS/kernel/core/os_kernel.o
LOAD ./AhuraRTOS/kernel/core/os_list.o
LOAD ./AhuraRTOS/kernel/core/os_log.o
LOAD ./AhuraRTOS/kernel/core/os_mem.o
LOAD ./AhuraRTOS/kernel/core/os_mutex.o
LOAD ./AhuraRTOS/kernel/core/os_notify.o
LOAD ./AhuraRTOS/kernel/core/os_queue.o
LOAD ./AhuraRTOS/kernel/core/os_semaphore.o
LOAD ./AhuraRTOS/kernel/core/os_task.o
LOAD ./AhuraRTOS/kernel/core/os_tick.o
LOAD ./AhuraRTOS/kernel/core/os_timer.o
LOAD ./AhuraRTOS/kernel/soc/st/stm32/soc_cb.o
LOAD ./Core/Src/main.o
LOAD ./Core/Src/os_cb.o
LOAD ./Core/Src/os_main.o
LOAD ./Core/Src/stm32f1xx_hal_msp.o
LOAD ./Core/Src/stm32f1xx_hal_timebase_tim.o
LOAD ./Core/Src/stm32f1xx_it.o
LOAD ./Core/Src/syscalls.o
LOAD ./Core/Src/sysmem.o
LOAD ./Core/Src/system_stm32f1xx.o
LOAD ./Core/Startup/startup_stm32f103vetx.o
LOAD ./Drivers/STM32F1xx_HAL_Driver/Src/stm32f1xx_hal.o
LOAD ./Drivers/STM32F1xx_HAL_Driver/Src/stm32f1xx_hal_cortex.o
LOAD ./Drivers/STM32F1xx_HAL_Driver/Src/stm32f1xx_hal_dma.o
LOAD ./Drivers/STM32F1xx_HAL_Driver/Src/stm32f1xx_hal_exti.o
LOAD ./Drivers/STM32F1xx_HAL_Driver/Src/stm32f1xx_hal_flash.o
LOAD ./Drivers/STM32F1xx_HAL_Driver/Src/stm32f1xx_hal_flash_ex.o
LOAD ./Drivers/STM32F1xx_HAL_Driver/Src/stm32f1xx_hal_gpio.o
LOAD ./Drivers/STM32F1xx_HAL_Driver/Src/stm32f1xx_hal_gpio_ex.o
LOAD ./Drivers/STM32F1xx_HAL_Driver/Src/stm32f1xx_hal_pwr.o
LOAD ./Drivers/STM32F1xx_HAL_Driver/Src/stm32f1xx_hal_rcc.o
LOAD ./Drivers/STM32F1xx_HAL_Driver/Src/stm32f1xx_hal_rcc_ex.o
LOAD ./Drivers/STM32F1xx_HAL_Driver/Src/stm32f1xx_hal_tim.o
LOAD ./Drivers/STM32F1xx_HAL_Driver/Src/stm32f1xx_hal_tim_ex.o
LOAD ./Drivers/STM32F1xx_HAL_Driver/Src/stm32f1xx_hal_uart.o
START GROUP
LOAD C:/ST/STM32CubeIDE_1.18.1/STM32CubeIDE/plugins/com.st.stm32cube.ide.mcu.externaltools.gnu-tools-for-stm32.13.3.rel1.win32_1.0.0.202411081344/tools/bin/../lib/gcc/arm-none-eabi/13.3.1/../../../../arm-none-eabi/lib/thumb/v7-m/nofp\libc_nano.a
LOAD C:/ST/STM32CubeIDE_1.18.1/STM32CubeIDE/plugins/com.st.stm32cube.ide.mcu.externaltools.gnu-tools-for-stm32.13.3.rel1.win32_1.0.0.202411081344/tools/bin/../lib/gcc/arm-none-eabi/13.3.1/../../../../arm-none-eabi/lib/thumb/v7-m/nofp\libm.a
END GROUP
START GROUP
LOAD C:/ST/STM32CubeIDE_1.18.1/STM32CubeIDE/plugins/com.st.stm32cube.ide.mcu.externaltools.gnu-tools-for-stm32.13.3.rel1.win32_1.0.0.202411081344/tools/bin/../lib/gcc/arm-none-eabi/13.3.1/thumb/v7-m/nofp\libgcc.a
LOAD C:/ST/STM32CubeIDE_1.18.1/STM32CubeIDE/plugins/com.st.stm32cube.ide.mcu.externaltools.gnu-tools-for-stm32.13.3.rel1.win32_1.0.0.202411081344/tools/bin/../lib/gcc/arm-none-eabi/13.3.1/../../../../arm-none-eabi/lib/thumb/v7-m/nofp\libc_nano.a
END GROUP
START GROUP
LOAD C:/ST/STM32CubeIDE_1.18.1/STM32CubeIDE/plugins/com.st.stm32cube.ide.mcu.externaltools.gnu-tools-for-stm32.13.3.rel1.win32_1.0.0.202411081344/tools/bin/../lib/gcc/arm-none-eabi/13.3.1/thumb/v7-m/nofp\libgcc.a
LOAD C:/ST/STM32CubeIDE_1.18.1/STM32CubeIDE/plugins/com.st.stm32cube.ide.mcu.externaltools.gnu-tools-for-stm32.13.3.rel1.win32_1.0.0.202411081344/tools/bin/../lib/gcc/arm-none-eabi/13.3.1/../../../../arm-none-eabi/lib/thumb/v7-m/nofp\libc_nano.a
LOAD C:/ST/STM32CubeIDE_1.18.1/STM32CubeIDE/plugins/com.st.stm32cube.ide.mcu.externaltools.gnu-tools-for-stm32.13.3.rel1.win32_1.0.0.202411081344/tools/bin/../lib/gcc/arm-none-eabi/13.3.1/../../../../arm-none-eabi/lib/thumb/v7-m/nofp\libnosys.a
END GROUP
START GROUP
LOAD C:/ST/STM32CubeIDE_1.18.1/STM32CubeIDE/plugins/com.st.stm32cube.ide.mcu.externaltools.gnu-tools-for-stm32.13.3.rel1.win32_1.0.0.202411081344/tools/bin/../lib/gcc/arm-none-eabi/13.3.1/thumb/v7-m/nofp\libgcc.a
LOAD C:/ST/STM32CubeIDE_1.18.1/STM32CubeIDE/plugins/com.st.stm32cube.ide.mcu.externaltools.gnu-tools-for-stm32.13.3.rel1.win32_1.0.0.202411081344/tools/bin/../lib/gcc/arm-none-eabi/13.3.1/../../../../arm-none-eabi/lib/thumb/v7-m/nofp\libc_nano.a
LOAD C:/ST/STM32CubeIDE_1.18.1/STM32CubeIDE/plugins/com.st.stm32cube.ide.mcu.externaltools.gnu-tools-for-stm32.13.3.rel1.win32_1.0.0.202411081344/tools/bin/../lib/gcc/arm-none-eabi/13.3.1/../../../../arm-none-eabi/lib/thumb/v7-m/nofp\libnosys.a
END GROUP
LOAD C:/ST/STM32CubeIDE_1.18.1/STM32CubeIDE/plugins/com.st.stm32cube.ide.mcu.externaltools.gnu-tools-for-stm32.13.3.rel1.win32_1.0.0.202411081344/tools/bin/../lib/gcc/arm-none-eabi/13.3.1/thumb/v7-m/nofp/crtend.o
LOAD C:/ST/STM32CubeIDE_1.18.1/STM32CubeIDE/plugins/com.st.stm32cube.ide.mcu.externaltools.gnu-tools-for-stm32.13.3.rel1.win32_1.0.0.202411081344/tools/bin/../lib/gcc/arm-none-eabi/13.3.1/thumb/v7-m/nofp/crtn.o
                0x20010000                        _estack = (ORIGIN (RAM) + LENGTH (RAM))
                0x00000200                        _Min_Heap_Size = 0x200
                0x00000400                        _Min_Stack_Size = 0x400

.isr_vector     0x08000000      0x1e4
                0x08000000                        . = ALIGN (0x4)
 *(.isr_vector)
 .isr_vector    0x08000000      0x1e4 ./Core/Startup/startup_stm32f103vetx.o
                0x08000000                g_pfnVectors
                0x080001e4                        . = ALIGN (0x4)

.text           0x080001e4     0x4290
                0x080001e4                        . = ALIGN (0x4)
 *(.text)
 .text          0x080001e4       0x40 C:/ST/STM32CubeIDE_1.18.1/STM32CubeIDE/plugins/com.st.stm32cube.ide.mcu.externaltools.gnu-tools-for-stm32.13.3.rel1.win32_1.0.0.202411081344/tools/bin/../lib/gcc/arm-none-eabi/13.3.1/thumb/v7-m/nofp/crtbegin.o
 .text          0x08000224       0x44 ./AhuraRTOS/kernel/arch/arm/cortex_m3/os_arch_port.o
                0x08000224                PendSV_Handler
                0x08000252                os_arch_context_restore_asm
 .text          0x08000268       0x30 C:/ST/STM32CubeIDE_1.18.1/STM32CubeIDE/plugins/com.st.stm32cube.ide.mcu.externaltools.gnu-tools-for-stm32.13.3.rel1.win32_1.0.0.202411081344/tools/bin/../lib/gcc/arm-none-eabi/13.3.1/thumb/v7-m/nofp\libgcc.a(_aeabi_uldivmod.o)
                0x08000268                __aeabi_uldivmod
 .text          0x08000298      0x300 C:/ST/STM32CubeIDE_1.18.1/STM32CubeIDE/plugins/com.st.stm32cube.ide.mcu.externaltools.gnu-tools-for-stm32.13.3.rel1.win32_1.0.0.202411081344/tools/bin/../lib/gcc/arm-none-eabi/13.3.1/thumb/v7-m/nofp\libgcc.a(_udivmoddi4.o)
                0x08000298                __udivmoddi4
 .text          0x08000598        0x4 C:/ST/STM32CubeIDE_1.18.1/STM32CubeIDE/plugins/com.st.stm32cube.ide.mcu.externaltools.gnu-tools-for-stm32.13.3.rel1.win32_1.0.0.202411081344/tools/bin/../lib/gcc/arm-none-eabi/13.3.1/thumb/v7-m/nofp\libgcc.a(_dvmd_tls.o)
                0x08000598                __aeabi_idiv0
                0x08000598                __aeabi_ldiv0
 *(.text*)
 .text.os_arch_primask_get
                0x0800059c       0x18 ./AhuraRTOS/kernel/arch/arm/cortex_m3/os_arch_port.o
 .text.os_arch_config_fault_trap
                0x080005b4        0xa ./AhuraRTOS/kernel/arch/arm/cortex_m3/os_arch_port.o
 *fill*         0x080005be        0x2 
 .text.os_arch_vector_check
                0x080005c0       0x3c ./AhuraRTOS/kernel/arch/arm/cortex_m3/os_arch_port.o
 .text.os_arch_clock_hz_get
                0x080005fc       0x14 ./AhuraRTOS/kernel/arch/arm/cortex_m3/os_arch_port.o
 .text.os_arch_cycle_systick_get
                0x08000610       0x98 ./AhuraRTOS/kernel/arch/arm/cortex_m3/os_arch_port.o
 .text.os_arch_cycle_systick_reset
                0x080006a8       0x20 ./AhuraRTOS/kernel/arch/arm/cortex_m3/os_arch_port.o
 .text.os_arch_init
                0x080006c8       0x9c ./AhuraRTOS/kernel/arch/arm/cortex_m3/os_arch_port.o
                0x080006c8                os_arch_init
 .text.os_arch_start_first_task
                0x08000764       0x28 ./AhuraRTOS/kernel/arch/arm/cortex_m3/os_arch_port.o
                0x08000764                os_arch_start_first_task
 .text.os_arch_tick_init
                0x0800078c       0x64 ./AhuraRTOS/kernel/arch/arm/cortex_m3/os_arch_port.o
                0x0800078c                os_arch_tick_init
 .text.os_arch_task_stack_initialize
                0x080007f0      0x110 ./AhuraRTOS/kernel/arch/arm/cortex_m3/os_arch_port.o
                0x080007f0                os_arch_task_stack_initialize
 .text.os_arch_cycle_count_get
                0x08000900       0x24 ./AhuraRTOS/kernel/arch/arm/cortex_m3/os_arch_port.o
                0x08000900                os_arch_cycle_count_get
 .text.os_arch_dwt_enable
                0x08000924       0x74 ./AhuraRTOS/kernel/arch/arm/cortex_m3/os_arch_port.o
 .text.os_arch_task_exit_trap
                0x08000998        0xc ./AhuraRTOS/kernel/arch/arm/cortex_m3/os_arch_port.o
 .text.os_arch_primask_get
                0x080009a4       0x18 ./AhuraRTOS/kernel/core/os_critical.o
 .text.os_arch_kernel_mask_save
                0x080009bc       0x18 ./AhuraRTOS/kernel/core/os_critical.o
 .text.os_arch_kernel_mask_restore
                0x080009d4       0x1a ./AhuraRTOS/kernel/core/os_critical.o
 .text.os_arch_isr_priority_check
                0x080009ee        0xc ./AhuraRTOS/kernel/core/os_critical.o
 .text.os_arch_core_id_get
                0x080009fa        0xe ./AhuraRTOS/kernel/core/os_critical.o
 .text.os_arch_spinlock_acquire
                0x08000a08       0x12 ./AhuraRTOS/kernel/core/os_critical.o
 .text.os_arch_spinlock_release
                0x08000a1a       0x12 ./AhuraRTOS/kernel/core/os_critical.o
 .text.os_critical_enter
                0x08000a2c       0x58 ./AhuraRTOS/kernel/core/os_critical.o
                0x08000a2c                os_critical_enter
 .text.os_critical_exit
                0x08000a84       0x78 ./AhuraRTOS/kernel/core/os_critical.o
                0x08000a84                os_critical_exit
 .text.os_arch_in_isr
                0x08000afc       0x22 ./AhuraRTOS/kernel/core/os_delay.o
 *fill*         0x08000b1e        0x2 
 .text.os_arch_clock_hz_get
                0x08000b20       0x14 ./AhuraRTOS/kernel/core/os_delay.o
 .text.os_arch_core_id_get
                0x08000b34        0xe ./AhuraRTOS/kernel/core/os_delay.o
 *fill*         0x08000b42        0x2 
 .text.os_internal_can_block
                0x08000b44       0x44 ./AhuraRTOS/kernel/core/os_delay.o
 .text.os_delay_ms
                0x08000b88       0xc6 ./AhuraRTOS/kernel/core/os_delay.o
                0x08000b88                os_delay_ms
 *fill*         0x08000c4e        0x2 
 .text.os_delay_forever
                0x08000c50       0x3c ./AhuraRTOS/kernel/core/os_delay.o
 .text.os_delay_ticks
                0x08000c8c       0xc4 ./AhuraRTOS/kernel/core/os_delay.o
 .text.os_delay_cycle_wait
                0x08000d50       0x70 ./AhuraRTOS/kernel/core/os_delay.o
 .text.os_arch_config_fault_trap
                0x08000dc0        0xa ./AhuraRTOS/kernel/core/os_kernel.o
 .text.os_arch_soc_init_cb
                0x08000dca        0xc ./AhuraRTOS/kernel/core/os_kernel.o
                0x08000dca                os_arch_soc_init_cb
 .text.os_arch_soc_idle_cb
                0x08000dd6        0xe ./AhuraRTOS/kernel/core/os_kernel.o
                0x08000dd6                os_arch_soc_idle_cb
 .text.os_init  0x08000de4       0x28 ./AhuraRTOS/kernel/core/os_kernel.o
                0x08000de4                os_init
 .text.os_start
                0x08000e0c       0x34 ./AhuraRTOS/kernel/core/os_kernel.o
                0x08000e0c                os_start
 .text.os_kernel_is_running
                0x08000e40       0x18 ./AhuraRTOS/kernel/core/os_kernel.o
                0x08000e40                os_kernel_is_running
 .text.os_assert_failed
                0x08000e58       0x1a ./AhuraRTOS/kernel/core/os_kernel.o
                0x08000e58                os_assert_failed
 *fill*         0x08000e72        0x2 
 .text.os_main_system_init
                0x08000e74       0x40 ./AhuraRTOS/kernel/core/os_kernel.o
 .text.os_main_task_entry
                0x08000eb4       0x14 ./AhuraRTOS/kernel/core/os_kernel.o
 .text.os_list_init
                0x08000ec8       0x24 ./AhuraRTOS/kernel/core/os_list.o
                0x08000ec8                os_list_init
 .text.os_list_is_empty
                0x08000eec       0x2c ./AhuraRTOS/kernel/core/os_list.o
                0x08000eec                os_list_is_empty
 .text.os_list_push_back
                0x08000f18       0x4c ./AhuraRTOS/kernel/core/os_list.o
                0x08000f18                os_list_push_back
 .text.os_list_pop_front
                0x08000f64       0x58 ./AhuraRTOS/kernel/core/os_list.o
                0x08000f64                os_list_pop_front
 .text.os_list_remove
                0x08000fbc       0x7e ./AhuraRTOS/kernel/core/os_list.o
                0x08000fbc                os_list_remove
 .text.os_list_insert_before
                0x0800103a       0x5c ./AhuraRTOS/kernel/core/os_list.o
                0x0800103a                os_list_insert_before
 *fill*         0x08001096        0x2 
 .text.os_log_system_init
                0x08001098       0x78 ./AhuraRTOS/kernel/core/os_log.o
                0x08001098                os_log_system_init
 .text.os_log_task_entry
                0x08001110       0xcc ./AhuraRTOS/kernel/core/os_log.o
 .text.os_log_queue
                0x080011dc       0x4c ./AhuraRTOS/kernel/core/os_log.o
 .text.os_log_emit_dropped
                0x08001228       0x80 ./AhuraRTOS/kernel/core/os_log.o
 .text.os_log_append_text
                0x080012a8       0x3a ./AhuraRTOS/kernel/core/os_log.o
 *fill*         0x080012e2        0x2 
 .text.os_log_append_u32
                0x080012e4       0xa8 ./AhuraRTOS/kernel/core/os_log.o
 .text.os_log_free_space
                0x0800138c       0x4c ./AhuraRTOS/kernel/core/os_log.o
 .text.os_log_put
                0x080013d8       0x70 ./AhuraRTOS/kernel/core/os_log.o
 .text.os_arch_primask_get
                0x08001448       0x18 ./AhuraRTOS/kernel/core/os_task.o
 .text.os_arch_in_isr
                0x08001460       0x22 ./AhuraRTOS/kernel/core/os_task.o
 .text.os_arch_kernel_mask_save
                0x08001482       0x18 ./AhuraRTOS/kernel/core/os_task.o
 .text.os_arch_kernel_mask_restore
                0x0800149a       0x1a ./AhuraRTOS/kernel/core/os_task.o
 .text.os_arch_config_fault_trap
                0x080014b4        0xa ./AhuraRTOS/kernel/core/os_task.o
 .text.os_arch_highest_bit_get
                0x080014be       0x1c ./AhuraRTOS/kernel/core/os_task.o
 .text.os_arch_core_id_get
                0x080014da        0xe ./AhuraRTOS/kernel/core/os_task.o
 .text.os_critical_multicore_lock
                0x080014e8        0xc ./AhuraRTOS/kernel/core/os_task.o
 .text.os_critical_multicore_unlock
                0x080014f4        0xc ./AhuraRTOS/kernel/core/os_task.o
 .text.os_task_create
                0x08001500       0x3c ./AhuraRTOS/kernel/core/os_task.o
                0x08001500                os_task_create
 .text.os_task_create_system
                0x0800153c       0x1e ./AhuraRTOS/kernel/core/os_task.o
                0x0800153c                os_task_create_system
 .text.os_task_start
                0x0800155a       0x94 ./AhuraRTOS/kernel/core/os_task.o
                0x0800155a                os_task_start
 *fill*         0x080015ee        0x2 
 .text.os_task_delete
                0x080015f0      0x158 ./AhuraRTOS/kernel/core/os_task.o
                0x080015f0                os_task_delete
 .text.os_task_tick_update
                0x08001748       0x88 ./AhuraRTOS/kernel/core/os_task.o
                0x08001748                os_task_tick_update
 .text.os_task_sleep_ticks
                0x080017d0       0xac ./AhuraRTOS/kernel/core/os_task.o
                0x080017d0                os_task_sleep_ticks
 .text.os_task_tcb_resolve
                0x0800187c       0x18 ./AhuraRTOS/kernel/core/os_task.o
                0x0800187c                os_task_tcb_resolve
 .text.os_task_wake_tcb
                0x08001894       0x16 ./AhuraRTOS/kernel/core/os_task.o
                0x08001894                os_task_wake_tcb
 .text.os_task_waiters_wake_one
                0x080018aa       0x5e ./AhuraRTOS/kernel/core/os_task.o
                0x080018aa                os_task_waiters_wake_one
 .text.os_task_mutex_effective_recompute
                0x08001908       0x58 ./AhuraRTOS/kernel/core/os_task.o
 .text.os_task_mutex_waiter_depart_tcb
                0x08001960       0x36 ./AhuraRTOS/kernel/core/os_task.o
 *fill*         0x08001996        0x2 
 .text.os_task_current_is_idle
                0x08001998       0x3c ./AhuraRTOS/kernel/core/os_task.o
                0x08001998                os_task_current_is_idle
 .text.os_task_reschedule_possible
                0x080019d4       0xcc ./AhuraRTOS/kernel/core/os_task.o
                0x080019d4                os_task_reschedule_possible
 .text.os_task_slice_tick
                0x08001aa0       0x40 ./AhuraRTOS/kernel/core/os_task.o
                0x08001aa0                os_task_slice_tick
 .text.os_task_exit
                0x08001ae0       0x10 ./AhuraRTOS/kernel/core/os_task.o
                0x08001ae0                os_task_exit
 .text.os_task_idle_create
                0x08001af0       0xd8 ./AhuraRTOS/kernel/core/os_task.o
                0x08001af0                os_task_idle_create
 .text.os_task_idle_is_created
                0x08001bc8       0x20 ./AhuraRTOS/kernel/core/os_task.o
                0x08001bc8                os_task_idle_is_created
 .text.os_task_system_init
                0x08001be8       0xdc ./AhuraRTOS/kernel/core/os_task.o
                0x08001be8                os_task_system_init
 .text.os_task_stack_save_current
                0x08001cc4       0xc0 ./AhuraRTOS/kernel/core/os_task.o
                0x08001cc4                os_task_stack_save_current
 .text.os_task_stack_select_next
                0x08001d84      0x134 ./AhuraRTOS/kernel/core/os_task.o
                0x08001d84                os_task_stack_select_next
 .text.os_task_create_any
                0x08001eb8      0x204 ./AhuraRTOS/kernel/core/os_task.o
 .text.os_task_stack_fill
                0x080020bc       0x34 ./AhuraRTOS/kernel/core/os_task.o
 .text.os_task_stack_guard_set
                0x080020f0       0x1a ./AhuraRTOS/kernel/core/os_task.o
 .text.os_task_stack_guard_check
                0x0800210a       0x46 ./AhuraRTOS/kernel/core/os_task.o
 .text.os_task_idle_entry
                0x08002150        0xe ./AhuraRTOS/kernel/core/os_task.o
 *fill*         0x0800215e        0x2 
 .text.os_task_tcb_clear
                0x08002160      0x104 ./AhuraRTOS/kernel/core/os_task.o
 .text.os_task_self_tcb
                0x08002264       0x28 ./AhuraRTOS/kernel/core/os_task.o
 .text.os_task_find_by_id
                0x0800228c       0x64 ./AhuraRTOS/kernel/core/os_task.o
 .text.os_task_make_ready
                0x080022f0       0x48 ./AhuraRTOS/kernel/core/os_task.o
 .text.os_task_unlink
                0x08002338       0xa0 ./AhuraRTOS/kernel/core/os_task.o
 .text.os_task_wait_node_insert
                0x080023d8       0x46 ./AhuraRTOS/kernel/core/os_task.o
 *fill*         0x0800241e        0x2 
 .text.os_task_switch_request
                0x08002420       0x48 ./AhuraRTOS/kernel/core/os_task.o
 .text.os_task_preempt_request
                0x08002468       0x3c ./AhuraRTOS/kernel/core/os_task.o
 .text.os_task_wake_locked
                0x080024a4       0x44 ./AhuraRTOS/kernel/core/os_task.o
 .text.os_task_wake_compensate
                0x080024e8       0x3e ./AhuraRTOS/kernel/core/os_task.o
 *fill*         0x08002526        0x2 
 .text.os_task_running_core
                0x08002528       0x3c ./AhuraRTOS/kernel/core/os_task.o
 .text.os_task_effective_priority_set
                0x08002564       0xf0 ./AhuraRTOS/kernel/core/os_task.o
 .text.os_tick_init
                0x08002654       0x18 ./AhuraRTOS/kernel/core/os_tick.o
                0x08002654                os_tick_init
 .text.os_tick_get
                0x0800266c       0x14 ./AhuraRTOS/kernel/core/os_tick.o
                0x0800266c                os_tick_get
 .text.os_tick_handler
                0x08002680       0x88 ./AhuraRTOS/kernel/core/os_tick.o
                0x08002680                os_tick_handler
 .text.os_arch_primask_get
                0x08002708       0x18 ./AhuraRTOS/kernel/core/os_timer.o
 .text.os_arch_kernel_mask_save
                0x08002720       0x18 ./AhuraRTOS/kernel/core/os_timer.o
 .text.os_arch_kernel_mask_restore
                0x08002738       0x1a ./AhuraRTOS/kernel/core/os_timer.o
 .text.os_critical_multicore_lock
                0x08002752        0xc ./AhuraRTOS/kernel/core/os_timer.o
 .text.os_critical_multicore_unlock
                0x0800275e        0xc ./AhuraRTOS/kernel/core/os_timer.o
 *fill*         0x0800276a        0x2 
 .text.os_timer_system_init
                0x0800276c       0x70 ./AhuraRTOS/kernel/core/os_timer.o
                0x0800276c                os_timer_system_init
 .text.os_timer_tick_process
                0x080027dc       0xcc ./AhuraRTOS/kernel/core/os_timer.o
                0x080027dc                os_timer_tick_process
 .text.os_timer_task_entry
                0x080028a8       0x50 ./AhuraRTOS/kernel/core/os_timer.o
 .text.os_timer_expired_fetch
                0x080028f8       0xd0 ./AhuraRTOS/kernel/core/os_timer.o
 .text.os_timer_member_locked
                0x080029c8       0x3c ./AhuraRTOS/kernel/core/os_timer.o
 .text.os_timer_unlink_locked
                0x08002a04       0x2e ./AhuraRTOS/kernel/core/os_timer.o
 .text.os_main  0x08002a32        0xc ./Core/Src/main.o
                0x08002a32                os_main
 *fill*         0x08002a3e        0x2 
 .text.LED1_Task
                0x08002a40       0x24 ./Core/Src/main.o
                0x08002a40                LED1_Task
 .text.LED2_Task
                0x08002a64       0x24 ./Core/Src/main.o
                0x08002a64                LED2_Task
 .text.main     0x08002a88       0x6c ./Core/Src/main.o
                0x08002a88                main
 .text.SystemClock_Config
                0x08002af4       0x8c ./Core/Src/main.o
                0x08002af4                SystemClock_Config
 .text.MX_USART1_UART_Init
                0x08002b80       0x54 ./Core/Src/main.o
 .text.MX_GPIO_Init
                0x08002bd4       0x80 ./Core/Src/main.o
 .text.HAL_TIM_PeriodElapsedCallback
                0x08002c54       0x1e ./Core/Src/main.o
                0x08002c54                HAL_TIM_PeriodElapsedCallback
 .text.Error_Handler
                0x08002c72        0xc ./Core/Src/main.o
                0x08002c72                Error_Handler
 .text.os_assert_failed_cb
                0x08002c7e       0x14 ./Core/Src/os_cb.o
                0x08002c7e                os_assert_failed_cb
 .text.os_stack_overflow_cb
                0x08002c92       0x12 ./Core/Src/os_cb.o
                0x08002c92                os_stack_overflow_cb
 .text.os_log_output_cb
                0x08002ca4       0x14 ./Core/Src/os_cb.o
                0x08002ca4                os_log_output_cb
 .text.HAL_MspInit
                0x08002cb8       0x64 ./Core/Src/stm32f1xx_hal_msp.o
                0x08002cb8                HAL_MspInit
 .text.HAL_UART_MspInit
                0x08002d1c       0x98 ./Core/Src/stm32f1xx_hal_msp.o
                0x08002d1c                HAL_UART_MspInit
 .text.HAL_InitTick
                0x08002db4       0xf8 ./Core/Src/stm32f1xx_hal_timebase_tim.o
                0x08002db4                HAL_InitTick
 .text.NMI_Handler
                0x08002eac        0x8 ./Core/Src/stm32f1xx_it.o
                0x08002eac                NMI_Handler
 .text.HardFault_Handler
                0x08002eb4        0x8 ./Core/Src/stm32f1xx_it.o
                0x08002eb4                HardFault_Handler
 .text.MemManage_Handler
                0x08002ebc        0x8 ./Core/Src/stm32f1xx_it.o
                0x08002ebc                MemManage_Handler
 .text.BusFault_Handler
                0x08002ec4        0x8 ./Core/Src/stm32f1xx_it.o
                0x08002ec4                BusFault_Handler
 .text.UsageFault_Handler
                0x08002ecc        0x8 ./Core/Src/stm32f1xx_it.o
                0x08002ecc                UsageFault_Handler
 .text.SVC_Handler
                0x08002ed4        0xc ./Core/Src/stm32f1xx_it.o
                0x08002ed4                SVC_Handler
 .text.DebugMon_Handler
                0x08002ee0        0xc ./Core/Src/stm32f1xx_it.o
                0x08002ee0                DebugMon_Handler
 .text.SysTick_Handler
                0x08002eec        0xc ./Core/Src/stm32f1xx_it.o
                0x08002eec                SysTick_Handler
 .text.TIM2_IRQHandler
                0x08002ef8       0x14 ./Core/Src/stm32f1xx_it.o
                0x08002ef8                TIM2_IRQHandler
 .text.SystemInit
                0x08002f0c        0xc ./Core/Src/system_stm32f1xx.o
                0x08002f0c                SystemInit
 .text.Reset_Handler
                0x08002f18       0x48 ./Core/Startup/startup_stm32f103vetx.o
                0x08002f18                Reset_Handler
 .text.Default_Handler
                0x08002f60        0x2 ./Core/Startup/startup_stm32f103vetx.o
                0x08002f60                RTC_Alarm_IRQHandler
                0x08002f60                EXTI2_IRQHandler
                0x08002f60                TIM8_TRG_COM_IRQHandler
                0x08002f60                TIM8_CC_IRQHandler
                0x08002f60                TIM1_CC_IRQHandler
                0x08002f60                TIM6_IRQHandler
                0x08002f60                PVD_IRQHandler
                0x08002f60                SDIO_IRQHandler
                0x08002f60                EXTI3_IRQHandler
                0x08002f60                EXTI0_IRQHandler
                0x08002f60                I2C2_EV_IRQHandler
                0x08002f60                ADC1_2_IRQHandler
                0x08002f60                SPI1_IRQHandler
                0x08002f60                TAMPER_IRQHandler
                0x08002f60                TIM8_UP_IRQHandler
                0x08002f60                DMA2_Channel2_IRQHandler
                0x08002f60                DMA1_Channel4_IRQHandler
                0x08002f60                USART3_IRQHandler
                0x08002f60                RTC_IRQHandler
                0x08002f60                DMA1_Channel7_IRQHandler
                0x08002f60                CAN1_RX1_IRQHandler
                0x08002f60                UART5_IRQHandler
                0x08002f60                ADC3_IRQHandler
                0x08002f60                TIM4_IRQHandler
                0x08002f60                DMA2_Channel1_IRQHandler
                0x08002f60                I2C1_EV_IRQHandler
                0x08002f60                DMA1_Channel6_IRQHandler
                0x08002f60                UART4_IRQHandler
                0x08002f60                TIM3_IRQHandler
                0x08002f60                RCC_IRQHandler
                0x08002f60                TIM1_TRG_COM_IRQHandler
                0x08002f60                DMA1_Channel1_IRQHandler
                0x08002f60                Default_Handler
                0x08002f60                EXTI15_10_IRQHandler
                0x08002f60                TIM7_IRQHandler
                0x08002f60                TIM5_IRQHandler
                0x08002f60                EXTI9_5_IRQHandler
                0x08002f60                SPI2_IRQHandler
                0x08002f60                DMA1_Channel5_IRQHandler
                0x08002f60                EXTI4_IRQHandler
                0x08002f60                USB_LP_CAN1_RX0_IRQHandler
                0x08002f60                USB_HP_CAN1_TX_IRQHandler
                0x08002f60                DMA1_Channel3_IRQHandler
                0x08002f60                FSMC_IRQHandler
                0x08002f60                TIM1_UP_IRQHandler
                0x08002f60                WWDG_IRQHandler
                0x08002f60                TIM1_BRK_IRQHandler
                0x08002f60                EXTI1_IRQHandler
                0x08002f60                DMA2_Channel4_5_IRQHandler
                0x08002f60                USART2_IRQHandler
                0x08002f60                I2C2_ER_IRQHandler
                0x08002f60                DMA1_Channel2_IRQHandler
                0x08002f60                TIM8_BRK_IRQHandler
                0x08002f60                CAN1_SCE_IRQHandler
                0x08002f60                FLASH_IRQHandler
                0x08002f60                USART1_IRQHandler
                0x08002f60                SPI3_IRQHandler
                0x08002f60                I2C1_ER_IRQHandler
                0x08002f60                USBWakeUp_IRQHandler
                0x08002f60                DMA2_Channel3_IRQHandler
 *fill*         0x08002f62        0x2 
 .text.HAL_Init
                0x08002f64       0x2c ./Drivers/STM32F1xx_HAL_Driver/Src/stm32f1xx_hal.o
                0x08002f64                HAL_Init
 .text.HAL_IncTick
                0x08002f90       0x24 ./Drivers/STM32F1xx_HAL_Driver/Src/stm32f1xx_hal.o
                0x08002f90                HAL_IncTick
 .text.HAL_GetTick
                0x08002fb4       0x14 ./Drivers/STM32F1xx_HAL_Driver/Src/stm32f1xx_hal.o
                0x08002fb4                HAL_GetTick
 .text.__NVIC_SetPriorityGrouping
                0x08002fc8       0x48 ./Drivers/STM32F1xx_HAL_Driver/Src/stm32f1xx_hal_cortex.o
 .text.__NVIC_GetPriorityGrouping
                0x08003010       0x1c ./Drivers/STM32F1xx_HAL_Driver/Src/stm32f1xx_hal_cortex.o
 .text.__NVIC_EnableIRQ
                0x0800302c       0x38 ./Drivers/STM32F1xx_HAL_Driver/Src/stm32f1xx_hal_cortex.o
 .text.__NVIC_SetPriority
                0x08003064       0x54 ./Drivers/STM32F1xx_HAL_Driver/Src/stm32f1xx_hal_cortex.o
 .text.NVIC_EncodePriority
                0x080030b8       0x64 ./Drivers/STM32F1xx_HAL_Driver/Src/stm32f1xx_hal_cortex.o
 .text.HAL_NVIC_SetPriorityGrouping
                0x0800311c       0x16 ./Drivers/STM32F1xx_HAL_Driver/Src/stm32f1xx_hal_cortex.o
                0x0800311c                HAL_NVIC_SetPriorityGrouping
 .text.HAL_NVIC_SetPriority
                0x08003132       0x38 ./Drivers/STM32F1xx_HAL_Driver/Src/stm32f1xx_hal_cortex.o
                0x08003132                HAL_NVIC_SetPriority
 .text.HAL_NVIC_EnableIRQ
                0x0800316a       0x1c ./Drivers/STM32F1xx_HAL_Driver/Src/stm32f1xx_hal_cortex.o
                0x0800316a                HAL_NVIC_EnableIRQ
 *fill*         0x08003186        0x2 
 .text.HAL_GPIO_Init
                0x08003188      0x328 ./Drivers/STM32F1xx_HAL_Driver/Src/stm32f1xx_hal_gpio.o
                0x08003188                HAL_GPIO_Init
 .text.HAL_GPIO_WritePin
                0x080034b0       0x30 ./Drivers/STM32F1xx_HAL_Driver/Src/stm32f1xx_hal_gpio.o
                0x080034b0                HAL_GPIO_WritePin
 .text.HAL_RCC_OscConfig
                0x080034e0      0x504 ./Drivers/STM32F1xx_HAL_Driver/Src/stm32f1xx_hal_rcc.o
                0x080034e0                HAL_RCC_OscConfig
 .text.HAL_RCC_ClockConfig
                0x080039e4      0x1d4 ./Drivers/STM32F1xx_HAL_Driver/Src/stm32f1xx_hal_rcc.o
                0x080039e4                HAL_RCC_ClockConfig
 .text.HAL_RCC_GetSysClockFreq
                0x08003bb8       0xac ./Drivers/STM32F1xx_HAL_Driver/Src/stm32f1xx_hal_rcc.o
                0x08003bb8                HAL_RCC_GetSysClockFreq
 .text.HAL_RCC_GetHCLKFreq
                0x08003c64       0x14 ./Drivers/STM32F1xx_HAL_Driver/Src/stm32f1xx_hal_rcc.o
                0x08003c64                HAL_RCC_GetHCLKFreq
 .text.HAL_RCC_GetPCLK1Freq
                0x08003c78       0x28 ./Drivers/STM32F1xx_HAL_Driver/Src/stm32f1xx_hal_rcc.o
                0x08003c78                HAL_RCC_GetPCLK1Freq
 .text.HAL_RCC_GetPCLK2Freq
                0x08003ca0       0x28 ./Drivers/STM32F1xx_HAL_Driver/Src/stm32f1xx_hal_rcc.o
                0x08003ca0                HAL_RCC_GetPCLK2Freq
 .text.HAL_RCC_GetClockConfig
                0x08003cc8       0x60 ./Drivers/STM32F1xx_HAL_Driver/Src/stm32f1xx_hal_rcc.o
                0x08003cc8                HAL_RCC_GetClockConfig
 .text.RCC_Delay
                0x08003d28       0x3c ./Drivers/STM32F1xx_HAL_Driver/Src/stm32f1xx_hal_rcc.o
 .text.HAL_TIM_Base_Init
                0x08003d64       0x9e ./Drivers/STM32F1xx_HAL_Driver/Src/stm32f1xx_hal_tim.o
                0x08003d64                HAL_TIM_Base_Init
 .text.HAL_TIM_Base_MspInit
                0x08003e02       0x12 ./Drivers/STM32F1xx_HAL_Driver/Src/stm32f1xx_hal_tim.o
                0x08003e02                HAL_TIM_Base_MspInit
 .text.HAL_TIM_Base_Start_IT
                0x08003e14       0xc0 ./Drivers/STM32F1xx_HAL_Driver/Src/stm32f1xx_hal_tim.o
                0x08003e14                HAL_TIM_Base_Start_IT
 .text.HAL_TIM_IRQHandler
                0x08003ed4      0x1e0 ./Drivers/STM32F1xx_HAL_Driver/Src/stm32f1xx_hal_tim.o
                0x08003ed4                HAL_TIM_IRQHandler
 .text.HAL_TIM_OC_DelayElapsedCallback
                0x080040b4       0x12 ./Drivers/STM32F1xx_HAL_Driver/Src/stm32f1xx_hal_tim.o
                0x080040b4                HAL_TIM_OC_DelayElapsedCallback
 .text.HAL_TIM_IC_CaptureCallback
                0x080040c6       0x12 ./Drivers/STM32F1xx_HAL_Driver/Src/stm32f1xx_hal_tim.o
                0x080040c6                HAL_TIM_IC_CaptureCallback
 .text.HAL_TIM_PWM_PulseFinishedCallback
                0x080040d8       0x12 ./Drivers/STM32F1xx_HAL_Driver/Src/stm32f1xx_hal_tim.o
                0x080040d8                HAL_TIM_PWM_PulseFinishedCallback
 .text.HAL_TIM_TriggerCallback
                0x080040ea       0x12 ./Drivers/STM32F1xx_HAL_Driver/Src/stm32f1xx_hal_tim.o
                0x080040ea                HAL_TIM_TriggerCallback
 .text.TIM_Base_SetConfig
                0x080040fc      0x10c ./Drivers/STM32F1xx_HAL_Driver/Src/stm32f1xx_hal_tim.o
                0x080040fc                TIM_Base_SetConfig
 .text.HAL_TIMEx_CommutCallback
                0x08004208       0x12 ./Drivers/STM32F1xx_HAL_Driver/Src/stm32f1xx_hal_tim_ex.o
                0x08004208                HAL_TIMEx_CommutCallback
 .text.HAL_TIMEx_BreakCallback
                0x0800421a       0x12 ./Drivers/STM32F1xx_HAL_Driver/Src/stm32f1xx_hal_tim_ex.o
                0x0800421a                HAL_TIMEx_BreakCallback
 .text.HAL_UART_Init
                0x0800422c       0xa0 ./Drivers/STM32F1xx_HAL_Driver/Src/stm32f1xx_hal_uart.o
                0x0800422c                HAL_UART_Init
 .text.UART_SetConfig
                0x080042cc      0x11c ./Drivers/STM32F1xx_HAL_Driver/Src/stm32f1xx_hal_uart.o
 .text.memset   0x080043e8       0x10 C:/ST/STM32CubeIDE_1.18.1/STM32CubeIDE/plugins/com.st.stm32cube.ide.mcu.externaltools.gnu-tools-for-stm32.13.3.rel1.win32_1.0.0.202411081344/tools/bin/../lib/gcc/arm-none-eabi/13.3.1/../../../../arm-none-eabi/lib/thumb/v7-m/nofp\libc_nano.a(libc_a-memset.o)
                0x080043e8                memset
 .text.__libc_init_array
                0x080043f8       0x48 C:/ST/STM32CubeIDE_1.18.1/STM32CubeIDE/plugins/com.st.stm32cube.ide.mcu.externaltools.gnu-tools-for-stm32.13.3.rel1.win32_1.0.0.202411081344/tools/bin/../lib/gcc/arm-none-eabi/13.3.1/../../../../arm-none-eabi/lib/thumb/v7-m/nofp\libc_nano.a(libc_a-init.o)
                0x080043f8                __libc_init_array
 .text.memcpy   0x08004440       0x1c C:/ST/STM32CubeIDE_1.18.1/STM32CubeIDE/plugins/com.st.stm32cube.ide.mcu.externaltools.gnu-tools-for-stm32.13.3.rel1.win32_1.0.0.202411081344/tools/bin/../lib/gcc/arm-none-eabi/13.3.1/../../../../arm-none-eabi/lib/thumb/v7-m/nofp\libc_nano.a(libc_a-memcpy-stub.o)
                0x08004440                memcpy
 *(.glue_7)
 .glue_7        0x0800445c        0x0 linker stubs
 *(.glue_7t)
 .glue_7t       0x0800445c        0x0 linker stubs
 *(.eh_frame)
 .eh_frame      0x0800445c        0x0 C:/ST/STM32CubeIDE_1.18.1/STM32CubeIDE/plugins/com.st.stm32cube.ide.mcu.externaltools.gnu-tools-for-stm32.13.3.rel1.win32_1.0.0.202411081344/tools/bin/../lib/gcc/arm-none-eabi/13.3.1/thumb/v7-m/nofp/crtbegin.o
 *(.init)
 .init          0x0800445c        0x4 C:/ST/STM32CubeIDE_1.18.1/STM32CubeIDE/plugins/com.st.stm32cube.ide.mcu.externaltools.gnu-tools-for-stm32.13.3.rel1.win32_1.0.0.202411081344/tools/bin/../lib/gcc/arm-none-eabi/13.3.1/thumb/v7-m/nofp/crti.o
                0x0800445c                _init
 .init          0x08004460        0x8 C:/ST/STM32CubeIDE_1.18.1/STM32CubeIDE/plugins/com.st.stm32cube.ide.mcu.externaltools.gnu-tools-for-stm32.13.3.rel1.win32_1.0.0.202411081344/tools/bin/../lib/gcc/arm-none-eabi/13.3.1/thumb/v7-m/nofp/crtn.o
 *(.fini)
 .fini          0x08004468        0x4 C:/ST/STM32CubeIDE_1.18.1/STM32CubeIDE/plugins/com.st.stm32cube.ide.mcu.externaltools.gnu-tools-for-stm32.13.3.rel1.win32_1.0.0.202411081344/tools/bin/../lib/gcc/arm-none-eabi/13.3.1/thumb/v7-m/nofp/crti.o
                0x08004468                _fini
 .fini          0x0800446c        0x8 C:/ST/STM32CubeIDE_1.18.1/STM32CubeIDE/plugins/com.st.stm32cube.ide.mcu.externaltools.gnu-tools-for-stm32.13.3.rel1.win32_1.0.0.202411081344/tools/bin/../lib/gcc/arm-none-eabi/13.3.1/thumb/v7-m/nofp/crtn.o
                0x08004474                        . = ALIGN (0x4)
                0x08004474                        _etext = .

.vfp11_veneer   0x08004474        0x0
 .vfp11_veneer  0x08004474        0x0 linker stubs

.v4_bx          0x08004474        0x0
 .v4_bx         0x08004474        0x0 linker stubs

.iplt           0x08004474        0x0
 .iplt          0x08004474        0x0 C:/ST/STM32CubeIDE_1.18.1/STM32CubeIDE/plugins/com.st.stm32cube.ide.mcu.externaltools.gnu-tools-for-stm32.13.3.rel1.win32_1.0.0.202411081344/tools/bin/../lib/gcc/arm-none-eabi/13.3.1/thumb/v7-m/nofp/crtbegin.o

.rodata         0x08004474      0x1f0
                0x08004474                        . = ALIGN (0x4)
 *(.rodata)
 .rodata        0x08004474       0x27 ./AhuraRTOS/kernel/core/os_critical.o
 *fill*         0x0800449b        0x1 
 .rodata        0x0800449c       0x24 ./AhuraRTOS/kernel/core/os_delay.o
 .rodata        0x080044c0       0x44 ./AhuraRTOS/kernel/core/os_kernel.o
 .rodata        0x08004504       0x4d ./AhuraRTOS/kernel/core/os_log.o
 *fill*         0x08004551        0x3 
 .rodata        0x08004554       0x2f ./AhuraRTOS/kernel/core/os_task.o
 *fill*         0x08004583        0x1 
 .rodata        0x08004584       0x40 ./AhuraRTOS/kernel/core/os_timer.o
 .rodata        0x080045c4       0x38 ./Core/Src/main.o
 *(.rodata*)
 .rodata.tsk_main_STORAGE
                0x080045fc        0xc ./AhuraRTOS/kernel/core/os_kernel.o
 .rodata.tsk_log_STORAGE
                0x08004608        0xc ./AhuraRTOS/kernel/core/os_log.o
 .rodata.tsk_timer_STORAGE
                0x08004614        0xc ./AhuraRTOS/kernel/core/os_timer.o
 .rodata.led1_task_STORAGE
                0x08004620        0xc ./Core/Src/main.o
 .rodata.led2_task_STORAGE
                0x0800462c        0xc ./Core/Src/main.o
 .rodata.AHBPrescTable
                0x08004638       0x10 ./Core/Src/system_stm32f1xx.o
                0x08004638                AHBPrescTable
 .rodata.APBPrescTable
                0x08004648        0x8 ./Core/Src/system_stm32f1xx.o
                0x08004648                APBPrescTable
 .rodata.aPLLMULFactorTable.1
                0x08004650       0x10 ./Drivers/STM32F1xx_HAL_Driver/Src/stm32f1xx_hal_rcc.o
 .rodata.aPredivFactorTable.0
                0x08004660        0x2 ./Drivers/STM32F1xx_HAL_Driver/Src/stm32f1xx_hal_rcc.o
                0x08004664                        . = ALIGN (0x4)
 *fill*         0x08004662        0x2 

.ARM.extab      0x08004664        0x0
                0x08004664                        . = ALIGN (0x4)
 *(.ARM.extab* .gnu.linkonce.armextab.*)
                0x08004664                        . = ALIGN (0x4)

.ARM            0x08004664        0x8
                0x08004664                        . = ALIGN (0x4)
                0x08004664                        __exidx_start = .
 *(.ARM.exidx*)
 .ARM.exidx     0x08004664        0x8 C:/ST/STM32CubeIDE_1.18.1/STM32CubeIDE/plugins/com.st.stm32cube.ide.mcu.externaltools.gnu-tools-for-stm32.13.3.rel1.win32_1.0.0.202411081344/tools/bin/../lib/gcc/arm-none-eabi/13.3.1/thumb/v7-m/nofp\libgcc.a(_udivmoddi4.o)
                0x0800466c                        __exidx_end = .
                0x0800466c                        . = ALIGN (0x4)

.preinit_array  0x0800466c        0x0
                0x0800466c                        . = ALIGN (0x4)
                0x0800466c                        PROVIDE (__preinit_array_start = .)
 *(.preinit_array*)
                0x0800466c                        PROVIDE (__preinit_array_end = .)
                0x0800466c                        . = ALIGN (0x4)

.init_array     0x0800466c        0x4
                0x0800466c                        . = ALIGN (0x4)
                0x0800466c                        PROVIDE (__init_array_start = .)
 *(SORT_BY_NAME(.init_array.*))
 *(.init_array*)
 .init_array    0x0800466c        0x4 C:/ST/STM32CubeIDE_1.18.1/STM32CubeIDE/plugins/com.st.stm32cube.ide.mcu.externaltools.gnu-tools-for-stm32.13.3.rel1.win32_1.0.0.202411081344/tools/bin/../lib/gcc/arm-none-eabi/13.3.1/thumb/v7-m/nofp/crtbegin.o
                0x08004670                        PROVIDE (__init_array_end = .)
                0x08004670                        . = ALIGN (0x4)

.fini_array     0x08004670        0x4
                0x08004670                        . = ALIGN (0x4)
                [!provide]                        PROVIDE (__fini_array_start = .)
 *(SORT_BY_NAME(.fini_array.*))
 *(.fini_array*)
 .fini_array    0x08004670        0x4 C:/ST/STM32CubeIDE_1.18.1/STM32CubeIDE/plugins/com.st.stm32cube.ide.mcu.externaltools.gnu-tools-for-stm32.13.3.rel1.win32_1.0.0.202411081344/tools/bin/../lib/gcc/arm-none-eabi/13.3.1/thumb/v7-m/nofp/crtbegin.o
                [!provide]                        PROVIDE (__fini_array_end = .)
                0x08004674                        . = ALIGN (0x4)
                0x08004674                        _sidata = LOADADDR (.data)

.rel.dyn        0x08004674        0x0
 .rel.iplt      0x08004674        0x0 C:/ST/STM32CubeIDE_1.18.1/STM32CubeIDE/plugins/com.st.stm32cube.ide.mcu.externaltools.gnu-tools-for-stm32.13.3.rel1.win32_1.0.0.202411081344/tools/bin/../lib/gcc/arm-none-eabi/13.3.1/thumb/v7-m/nofp/crtbegin.o

.data           0x20000000       0x38 load address 0x08004674
                0x20000000                        . = ALIGN (0x4)
                0x20000000                        _sdata = .
 *(.data)
 *(.data*)
 .data.tsk_main
                0x20000000        0x8 ./AhuraRTOS/kernel/core/os_kernel.o
 .data.tsk_log  0x20000008        0x8 ./AhuraRTOS/kernel/core/os_log.o
 .data.os_task_next_id
                0x20000010        0x4 ./AhuraRTOS/kernel/core/os_task.o
 .data.tsk_timer
                0x20000014        0x8 ./AhuraRTOS/kernel/core/os_timer.o
 .data.led1_task
                0x2000001c        0x8 ./Core/Src/main.o
 .data.led2_task
                0x20000024        0x8 ./Core/Src/main.o
 .data.SystemCoreClock
                0x2000002c        0x4 ./Core/Src/system_stm32f1xx.o
                0x2000002c                SystemCoreClock
 .data.uwTickPrio
                0x20000030        0x4 ./Drivers/STM32F1xx_HAL_Driver/Src/stm32f1xx_hal.o
                0x20000030                uwTickPrio
 .data.uwTickFreq
                0x20000034        0x1 ./Drivers/STM32F1xx_HAL_Driver/Src/stm32f1xx_hal.o
                0x20000034                uwTickFreq
 *(.RamFunc)
 *(.RamFunc*)
                0x20000038                        . = ALIGN (0x4)
 *fill*         0x20000035        0x3 
                0x20000038                        _edata = .

.igot.plt       0x20000038        0x0 load address 0x080046ac
 .igot.plt      0x20000038        0x0 C:/ST/STM32CubeIDE_1.18.1/STM32CubeIDE/plugins/com.st.stm32cube.ide.mcu.externaltools.gnu-tools-for-stm32.13.3.rel1.win32_1.0.0.202411081344/tools/bin/../lib/gcc/arm-none-eabi/13.3.1/thumb/v7-m/nofp/crtbegin.o
                0x20000038                        . = ALIGN (0x4)

.bss            0x20000038     0x1834 load address 0x080046ac
                0x20000038                        _sbss = .
                0x20000038                        __bss_start__ = _sbss
 *(.bss)
 .bss           0x20000038       0x1c C:/ST/STM32CubeIDE_1.18.1/STM32CubeIDE/plugins/com.st.stm32cube.ide.mcu.externaltools.gnu-tools-for-stm32.13.3.rel1.win32_1.0.0.202411081344/tools/bin/../lib/gcc/arm-none-eabi/13.3.1/thumb/v7-m/nofp/crtbegin.o
 *(.bss*)
 .bss.os_arch_cycle_accum
                0x20000054        0x4 ./AhuraRTOS/kernel/arch/arm/cortex_m3/os_arch_port.o
 .bss.os_arch_cycle_fallback
                0x20000058        0x4 ./AhuraRTOS/kernel/arch/arm/cortex_m3/os_arch_port.o
 .bss.os_arch_sleep_entry_cycles
                0x2000005c        0x4 ./AhuraRTOS/kernel/arch/arm/cortex_m3/os_arch_port.o
 .bss.os_arch_planned_idle_ticks
                0x20000060        0x4 ./AhuraRTOS/kernel/arch/arm/cortex_m3/os_arch_port.o
 .bss.os_arch_dwt_available
                0x20000064        0x1 ./AhuraRTOS/kernel/arch/arm/cortex_m3/os_arch_port.o
 *fill*         0x20000065        0x3 
 .bss.os_critical_kernel_lock
                0x20000068        0x4 ./AhuraRTOS/kernel/core/os_critical.o
 .bss.os_critical_nesting_count
                0x2000006c        0x4 ./AhuraRTOS/kernel/core/os_critical.o
 .bss.os_critical_saved_mask
                0x20000070        0x4 ./AhuraRTOS/kernel/core/os_critical.o
 .bss.os_kernel_running
                0x20000074        0x1 ./AhuraRTOS/kernel/core/os_kernel.o
 *fill*         0x20000075        0x3 
 .bss.os_kernel_lock_count
                0x20000078        0x4 ./AhuraRTOS/kernel/core/os_kernel.o
                0x20000078                os_kernel_lock_count
 .bss.os_kernel_switch_pending
                0x2000007c        0x1 ./AhuraRTOS/kernel/core/os_kernel.o
                0x2000007c                os_kernel_switch_pending
 *fill*         0x2000007d        0x3 
 .bss.tsk_main_STACK
                0x20000080      0x400 ./AhuraRTOS/kernel/core/os_kernel.o
 .bss.tsk_log_STACK
                0x20000480      0x200 ./AhuraRTOS/kernel/core/os_log.o
 .bss.os_log_task_tcb
                0x20000680        0x4 ./AhuraRTOS/kernel/core/os_log.o
 .bss.os_log_buffer
                0x20000684      0x400 ./AhuraRTOS/kernel/core/os_log.o
 .bss.os_log_head
                0x20000a84        0x4 ./AhuraRTOS/kernel/core/os_log.o
 .bss.os_log_tail
                0x20000a88        0x4 ./AhuraRTOS/kernel/core/os_log.o
 .bss.os_log_dropped
                0x20000a8c        0x4 ./AhuraRTOS/kernel/core/os_log.o
 .bss.os_task_idle_stack
                0x20000a90      0x100 ./AhuraRTOS/kernel/core/os_task.o
 .bss.os_task_idle_tcb
                0x20000b90       0x6c ./AhuraRTOS/kernel/core/os_task.o
 .bss.os_task_table
                0x20000bfc      0x4a4 ./AhuraRTOS/kernel/core/os_task.o
 .bss.os_task_current
                0x200010a0        0x4 ./AhuraRTOS/kernel/core/os_task.o
 .bss.os_task_ready_list
                0x200010a4      0x100 ./AhuraRTOS/kernel/core/os_task.o
 .bss.os_task_ready_bitmap
                0x200011a4        0x4 ./AhuraRTOS/kernel/core/os_task.o
 .bss.os_task_delay_list
                0x200011a8        0x8 ./AhuraRTOS/kernel/core/os_task.o
 .bss.os_task_slice_left
                0x200011b0        0x4 ./AhuraRTOS/kernel/core/os_task.o
 .bss.os_tick_count
                0x200011b4        0x4 ./AhuraRTOS/kernel/core/os_tick.o
 .bss.os_tick_usage_total_ticks
                0x200011b8        0x4 ./AhuraRTOS/kernel/core/os_tick.o
 .bss.os_tick_usage_idle_ticks
                0x200011bc        0x4 ./AhuraRTOS/kernel/core/os_tick.o
 .bss.tsk_timer_STACK
                0x200011c0      0x200 ./AhuraRTOS/kernel/core/os_timer.o
 .bss.os_timer_task_tcb
                0x200013c0        0x4 ./AhuraRTOS/kernel/core/os_timer.o
 .bss.os_timer_running_list
                0x200013c4        0x8 ./AhuraRTOS/kernel/core/os_timer.o
 .bss.os_timer_ready_list
                0x200013cc        0x8 ./AhuraRTOS/kernel/core/os_timer.o
 .bss.huart1    0x200013d4       0x48 ./Core/Src/main.o
                0x200013d4                huart1
 *fill*         0x2000141c        0x4 
 .bss.led1_task_STACK
                0x20001420      0x200 ./Core/Src/main.o
 .bss.led2_task_STACK
                0x20001620      0x200 ./Core/Src/main.o
 .bss.htim2     0x20001820       0x48 ./Core/Src/stm32f1xx_hal_timebase_tim.o
                0x20001820                htim2
 .bss.uwTick    0x20001868        0x4 ./Drivers/STM32F1xx_HAL_Driver/Src/stm32f1xx_hal.o
                0x20001868                uwTick
 *(COMMON)
                0x2000186c                        . = ALIGN (0x4)
                0x2000186c                        _ebss = .
                0x2000186c                        __bss_end__ = _ebss

._user_heap_stack
                0x2000186c      0x604 load address 0x080046ac
                0x20001870                        . = ALIGN (0x8)
 *fill*         0x2000186c        0x4 
                [!provide]                        PROVIDE (end = .)
                0x20001870                        PROVIDE (_end = .)
                0x20001a70                        . = (. + _Min_Heap_Size)
 *fill*         0x20001870      0x200 
                0x20001e70                        . = (. + _Min_Stack_Size)
 *fill*         0x20001a70      0x400 
                0x20001e70                        . = ALIGN (0x8)

/DISCARD/
 libc.a(*)
 libm.a(*)
 libgcc.a(*)

.ARM.attributes
                0x00000000       0x29
 *(.ARM.attributes)
 .ARM.attributes
                0x00000000       0x1d C:/ST/STM32CubeIDE_1.18.1/STM32CubeIDE/plugins/com.st.stm32cube.ide.mcu.externaltools.gnu-tools-for-stm32.13.3.rel1.win32_1.0.0.202411081344/tools/bin/../lib/gcc/arm-none-eabi/13.3.1/thumb/v7-m/nofp/crti.o
 .ARM.attributes
                0x0000001d       0x2d C:/ST/STM32CubeIDE_1.18.1/STM32CubeIDE/plugins/com.st.stm32cube.ide.mcu.externaltools.gnu-tools-for-stm32.13.3.rel1.win32_1.0.0.202411081344/tools/bin/../lib/gcc/arm-none-eabi/13.3.1/thumb/v7-m/nofp/crtbegin.o
 .ARM.attributes
                0x0000004a       0x2d ./AhuraRTOS/kernel/arch/arm/cortex_m3/os_arch_port.o
 .ARM.attributes
                0x00000077       0x2d ./AhuraRTOS/kernel/core/os_critical.o
 .ARM.attributes
                0x000000a4       0x2d ./AhuraRTOS/kernel/core/os_delay.o
 .ARM.attributes
                0x000000d1       0x2d ./AhuraRTOS/kernel/core/os_kernel.o
 .ARM.attributes
                0x000000fe       0x2d ./AhuraRTOS/kernel/core/os_list.o
 .ARM.attributes
                0x0000012b       0x2d ./AhuraRTOS/kernel/core/os_log.o
 .ARM.attributes
                0x00000158       0x2d ./AhuraRTOS/kernel/core/os_task.o
 .ARM.attributes
                0x00000185       0x2d ./AhuraRTOS/kernel/core/os_tick.o
 .ARM.attributes
                0x000001b2       0x2d ./AhuraRTOS/kernel/core/os_timer.o
 .ARM.attributes
                0x000001df       0x2d ./Core/Src/main.o
 .ARM.attributes
                0x0000020c       0x2d ./Core/Src/os_cb.o
 .ARM.attributes
                0x00000239       0x2d ./Core/Src/stm32f1xx_hal_msp.o
 .ARM.attributes
                0x00000266       0x2d ./Core/Src/stm32f1xx_hal_timebase_tim.o
 .ARM.attributes
                0x00000293       0x2d ./Core/Src/stm32f1xx_it.o
 .ARM.attributes
                0x000002c0       0x2d ./Core/Src/system_stm32f1xx.o
 .ARM.attributes
                0x000002ed       0x21 ./Core/Startup/startup_stm32f103vetx.o
 .ARM.attributes
                0x0000030e       0x2d ./Drivers/STM32F1xx_HAL_Driver/Src/stm32f1xx_hal.o
 .ARM.attributes
                0x0000033b       0x2d ./Drivers/STM32F1xx_HAL_Driver/Src/stm32f1xx_hal_cortex.o
 .ARM.attributes
                0x00000368       0x2d ./Drivers/STM32F1xx_HAL_Driver/Src/stm32f1xx_hal_gpio.o
 .ARM.attributes
                0x00000395       0x2d ./Drivers/STM32F1xx_HAL_Driver/Src/stm32f1xx_hal_rcc.o
 .ARM.attributes
                0x000003c2       0x2d ./Drivers/STM32F1xx_HAL_Driver/Src/stm32f1xx_hal_tim.o
 .ARM.attributes
                0x000003ef       0x2d ./Drivers/STM32F1xx_HAL_Driver/Src/stm32f1xx_hal_tim_ex.o
 .ARM.attributes
                0x0000041c       0x2d ./Drivers/STM32F1xx_HAL_Driver/Src/stm32f1xx_hal_uart.o
 .ARM.attributes
                0x00000449       0x2d C:/ST/STM32CubeIDE_1.18.1/STM32CubeIDE/plugins/com.st.stm32cube.ide.mcu.externaltools.gnu-tools-for-stm32.13.3.rel1.win32_1.0.0.202411081344/tools/bin/../lib/gcc/arm-none-eabi/13.3.1/../../../../arm-none-eabi/lib/thumb/v7-m/nofp\libc_nano.a(libc_a-memset.o)
 .ARM.attributes
                0x00000476       0x2d C:/ST/STM32CubeIDE_1.18.1/STM32CubeIDE/plugins/com.st.stm32cube.ide.mcu.externaltools.gnu-tools-for-stm32.13.3.rel1.win32_1.0.0.202411081344/tools/bin/../lib/gcc/arm-none-eabi/13.3.1/../../../../arm-none-eabi/lib/thumb/v7-m/nofp\libc_nano.a(libc_a-init.o)
 .ARM.attributes
                0x000004a3       0x2d C:/ST/STM32CubeIDE_1.18.1/STM32CubeIDE/plugins/com.st.stm32cube.ide.mcu.externaltools.gnu-tools-for-stm32.13.3.rel1.win32_1.0.0.202411081344/tools/bin/../lib/gcc/arm-none-eabi/13.3.1/../../../../arm-none-eabi/lib/thumb/v7-m/nofp\libc_nano.a(libc_a-memcpy-stub.o)
 .ARM.attributes
                0x000004d0       0x1d C:/ST/STM32CubeIDE_1.18.1/STM32CubeIDE/plugins/com.st.stm32cube.ide.mcu.externaltools.gnu-tools-for-stm32.13.3.rel1.win32_1.0.0.202411081344/tools/bin/../lib/gcc/arm-none-eabi/13.3.1/thumb/v7-m/nofp\libgcc.a(_aeabi_uldivmod.o)
 .ARM.attributes
                0x000004ed       0x2d C:/ST/STM32CubeIDE_1.18.1/STM32CubeIDE/plugins/com.st.stm32cube.ide.mcu.externaltools.gnu-tools-for-stm32.13.3.rel1.win32_1.0.0.202411081344/tools/bin/../lib/gcc/arm-none-eabi/13.3.1/thumb/v7-m/nofp\libgcc.a(_udivmoddi4.o)
 .ARM.attributes
                0x0000051a       0x1d C:/ST/STM32CubeIDE_1.18.1/STM32CubeIDE/plugins/com.st.stm32cube.ide.mcu.externaltools.gnu-tools-for-stm32.13.3.rel1.win32_1.0.0.202411081344/tools/bin/../lib/gcc/arm-none-eabi/13.3.1/thumb/v7-m/nofp\libgcc.a(_dvmd_tls.o)
 .ARM.attributes
                0x00000537       0x1d C:/ST/STM32CubeIDE_1.18.1/STM32CubeIDE/plugins/com.st.stm32cube.ide.mcu.externaltools.gnu-tools-for-stm32.13.3.rel1.win32_1.0.0.202411081344/tools/bin/../lib/gcc/arm-none-eabi/13.3.1/thumb/v7-m/nofp/crtn.o
OUTPUT(AhuraRtos_F1.elf elf32-littlearm)
LOAD linker stubs
LOAD C:/ST/STM32CubeIDE_1.18.1/STM32CubeIDE/plugins/com.st.stm32cube.ide.mcu.externaltools.gnu-tools-for-stm32.13.3.rel1.win32_1.0.0.202411081344/tools/bin/../lib/gcc/arm-none-eabi/13.3.1/../../../../arm-none-eabi/lib/thumb/v7-m/nofp\libc.a
LOAD C:/ST/STM32CubeIDE_1.18.1/STM32CubeIDE/plugins/com.st.stm32cube.ide.mcu.externaltools.gnu-tools-for-stm32.13.3.rel1.win32_1.0.0.202411081344/tools/bin/../lib/gcc/arm-none-eabi/13.3.1/../../../../arm-none-eabi/lib/thumb/v7-m/nofp\libm.a
LOAD C:/ST/STM32CubeIDE_1.18.1/STM32CubeIDE/plugins/com.st.stm32cube.ide.mcu.externaltools.gnu-tools-for-stm32.13.3.rel1.win32_1.0.0.202411081344/tools/bin/../lib/gcc/arm-none-eabi/13.3.1/thumb/v7-m/nofp\libgcc.a

.debug_info     0x00000000    0x10426
 .debug_info    0x00000000      0x764 ./AhuraRTOS/kernel/arch/arm/cortex_m3/os_arch_port.o
 .debug_info    0x00000764      0x34b ./AhuraRTOS/kernel/core/os_critical.o
 .debug_info    0x00000aaf      0x319 ./AhuraRTOS/kernel/core/os_delay.o
 .debug_info    0x00000dc8      0x68d ./AhuraRTOS/kernel/core/os_kernel.o
 .debug_info    0x00001455      0x233 ./AhuraRTOS/kernel/core/os_list.o
 .debug_info    0x00001688      0x805 ./AhuraRTOS/kernel/core/os_log.o
 .debug_info    0x00001e8d     0x1ba9 ./AhuraRTOS/kernel/core/os_task.o
 .debug_info    0x00003a36      0x357 ./AhuraRTOS/kernel/core/os_tick.o
 .debug_info    0x00003d8d      0xd64 ./AhuraRTOS/kernel/core/os_timer.o
 .debug_info    0x00004af1     0x102d ./Core/Src/main.o
 .debug_info    0x00005b1e      0x159 ./Core/Src/os_cb.o
 .debug_info    0x00005c77      0x7f8 ./Core/Src/stm32f1xx_hal_msp.o
 .debug_info    0x0000646f      0xa0e ./Core/Src/stm32f1xx_hal_timebase_tim.o
 .debug_info    0x00006e7d      0x69f ./Core/Src/stm32f1xx_it.o
 .debug_info    0x0000751c      0x222 ./Core/Src/system_stm32f1xx.o
 .debug_info    0x0000773e       0x30 ./Core/Startup/startup_stm32f103vetx.o
 .debug_info    0x0000776e      0x76a ./Drivers/STM32F1xx_HAL_Driver/Src/stm32f1xx_hal.o
 .debug_info    0x00007ed8      0xaed ./Drivers/STM32F1xx_HAL_Driver/Src/stm32f1xx_hal_cortex.o
 .debug_info    0x000089c5      0x5ab ./Drivers/STM32F1xx_HAL_Driver/Src/stm32f1xx_hal_gpio.o
 .debug_info    0x00008f70      0x7d5 ./Drivers/STM32F1xx_HAL_Driver/Src/stm32f1xx_hal_rcc.o
 .debug_info    0x00009745     0x2959 ./Drivers/STM32F1xx_HAL_Driver/Src/stm32f1xx_hal_tim.o
 .debug_info    0x0000c09e     0x149b ./Drivers/STM32F1xx_HAL_Driver/Src/stm32f1xx_hal_tim_ex.o
 .debug_info    0x0000d539     0x2eed ./Drivers/STM32F1xx_HAL_Driver/Src/stm32f1xx_hal_uart.o

.debug_abbrev   0x00000000     0x30c1
 .debug_abbrev  0x00000000      0x27b ./AhuraRTOS/kernel/arch/arm/cortex_m3/os_arch_port.o
 .debug_abbrev  0x0000027b      0x19f ./AhuraRTOS/kernel/core/os_critical.o
 .debug_abbrev  0x0000041a      0x1b5 ./AhuraRTOS/kernel/core/os_delay.o
 .debug_abbrev  0x000005cf      0x328 ./AhuraRTOS/kernel/core/os_kernel.o
 .debug_abbrev  0x000008f7      0x113 ./AhuraRTOS/kernel/core/os_list.o
 .debug_abbrev  0x00000a0a      0x2a7 ./AhuraRTOS/kernel/core/os_log.o
 .debug_abbrev  0x00000cb1      0x3ca ./AhuraRTOS/kernel/core/os_task.o
 .debug_abbrev  0x0000107b      0x1d3 ./AhuraRTOS/kernel/core/os_tick.o
 .debug_abbrev  0x0000124e      0x2ec ./AhuraRTOS/kernel/core/os_timer.o
 .debug_abbrev  0x0000153a      0x2fa ./Core/Src/main.o
 .debug_abbrev  0x00001834       0x94 ./Core/Src/os_cb.o
 .debug_abbrev  0x000018c8      0x1ab ./Core/Src/stm32f1xx_hal_msp.o
 .debug_abbrev  0x00001a73      0x1f3 ./Core/Src/stm32f1xx_hal_timebase_tim.o
 .debug_abbrev  0x00001c66      0x191 ./Core/Src/stm32f1xx_it.o
 .debug_abbrev  0x00001df7      0x13f ./Core/Src/system_stm32f1xx.o
 .debug_abbrev  0x00001f36       0x24 ./Core/Startup/startup_stm32f103vetx.o
 .debug_abbrev  0x00001f5a      0x201 ./Drivers/STM32F1xx_HAL_Driver/Src/stm32f1xx_hal.o
 .debug_abbrev  0x0000215b      0x2f8 ./Drivers/STM32F1xx_HAL_Driver/Src/stm32f1xx_hal_cortex.o
 .debug_abbrev  0x00002453      0x1ca ./Drivers/STM32F1xx_HAL_Driver/Src/stm32f1xx_hal_gpio.o
 .debug_abbrev  0x0000261d      0x2b3 ./Drivers/STM32F1xx_HAL_Driver/Src/stm32f1xx_hal_rcc.o
 .debug_abbrev  0x000028d0      0x277 ./Drivers/STM32F1xx_HAL_Driver/Src/stm32f1xx_hal_tim.o
 .debug_abbrev  0x00002b47      0x282 ./Drivers/STM32F1xx_HAL_Driver/Src/stm32f1xx_hal_tim_ex.o
 .debug_abbrev  0x00002dc9      0x2f8 ./Drivers/STM32F1xx_HAL_Driver/Src/stm32f1xx_hal_uart.o

.debug_aranges  0x00000000     0x1220
 .debug_aranges
                0x00000000       0xe0 ./AhuraRTOS/kernel/arch/arm/cortex_m3/os_arch_port.o
 .debug_aranges
                0x000000e0       0x60 ./AhuraRTOS/kernel/core/os_critical.o
 .debug_aranges
                0x00000140       0x60 ./AhuraRTOS/kernel/core/os_delay.o
 .debug_aranges
                0x000001a0       0xa8 ./AhuraRTOS/kernel/core/os_kernel.o
 .debug_aranges
                0x00000248       0x48 ./AhuraRTOS/kernel/core/os_list.o
 .debug_aranges
                0x00000290       0x68 ./AhuraRTOS/kernel/core/os_log.o
 .debug_aranges
                0x000002f8      0x250 ./AhuraRTOS/kernel/core/os_task.o
 .debug_aranges
                0x00000548       0x58 ./AhuraRTOS/kernel/core/os_tick.o
 .debug_aranges
                0x000005a0       0xd8 ./AhuraRTOS/kernel/core/os_timer.o
 .debug_aranges
                0x00000678       0x60 ./Core/Src/main.o
 .debug_aranges
                0x000006d8       0x30 ./Core/Src/os_cb.o
 .debug_aranges
                0x00000708       0x30 ./Core/Src/stm32f1xx_hal_msp.o
 .debug_aranges
                0x00000738       0x30 ./Core/Src/stm32f1xx_hal_timebase_tim.o
 .debug_aranges
                0x00000768       0x60 ./Core/Src/stm32f1xx_it.o
 .debug_aranges
                0x000007c8       0x28 ./Core/Src/system_stm32f1xx.o
 .debug_aranges
                0x000007f0       0x28 ./Core/Startup/startup_stm32f103vetx.o
 .debug_aranges
                0x00000818       0xe0 ./Drivers/STM32F1xx_HAL_Driver/Src/stm32f1xx_hal.o
 .debug_aranges
                0x000008f8      0x100 ./Drivers/STM32F1xx_HAL_Driver/Src/stm32f1xx_hal_cortex.o
 .debug_aranges
                0x000009f8       0x58 ./Drivers/STM32F1xx_HAL_Driver/Src/stm32f1xx_hal_gpio.o
 .debug_aranges
                0x00000a50       0x90 ./Drivers/STM32F1xx_HAL_Driver/Src/stm32f1xx_hal_rcc.o
 .debug_aranges
                0x00000ae0      0x3d0 ./Drivers/STM32F1xx_HAL_Driver/Src/stm32f1xx_hal_tim.o
 .debug_aranges
                0x00000eb0      0x168 ./Drivers/STM32F1xx_HAL_Driver/Src/stm32f1xx_hal_tim_ex.o
 .debug_aranges
                0x00001018      0x208 ./Drivers/STM32F1xx_HAL_Driver/Src/stm32f1xx_hal_uart.o

.debug_rnglists
                0x00000000      0xe26
 .debug_rnglists
                0x00000000       0xa6 ./AhuraRTOS/kernel/arch/arm/cortex_m3/os_arch_port.o
 .debug_rnglists
                0x000000a6       0x43 ./AhuraRTOS/kernel/core/os_critical.o
 .debug_rnglists
                0x000000e9       0x46 ./AhuraRTOS/kernel/core/os_delay.o
 .debug_rnglists
                0x0000012f       0x7a ./AhuraRTOS/kernel/core/os_kernel.o
 .debug_rnglists
                0x000001a9       0x31 ./AhuraRTOS/kernel/core/os_list.o
 .debug_rnglists
                0x000001da       0x4d ./AhuraRTOS/kernel/core/os_log.o
 .debug_rnglists
                0x00000227      0x1ff ./AhuraRTOS/kernel/core/os_task.o
 .debug_rnglists
                0x00000426       0x3f ./AhuraRTOS/kernel/core/os_tick.o
 .debug_rnglists
                0x00000465       0xa3 ./AhuraRTOS/kernel/core/os_timer.o
 .debug_rnglists
                0x00000508       0x45 ./Core/Src/main.o
 .debug_rnglists
                0x0000054d       0x1f ./Core/Src/os_cb.o
 .debug_rnglists
                0x0000056c       0x20 ./Core/Src/stm32f1xx_hal_msp.o
 .debug_rnglists
                0x0000058c       0x20 ./Core/Src/stm32f1xx_hal_timebase_tim.o
 .debug_rnglists
                0x000005ac       0x43 ./Core/Src/stm32f1xx_it.o
 .debug_rnglists
                0x000005ef       0x1a ./Core/Src/system_stm32f1xx.o
 .debug_rnglists
                0x00000609       0x19 ./Core/Startup/startup_stm32f103vetx.o
 .debug_rnglists
                0x00000622       0xa3 ./Drivers/STM32F1xx_HAL_Driver/Src/stm32f1xx_hal.o
 .debug_rnglists
                0x000006c5       0xbb ./Drivers/STM32F1xx_HAL_Driver/Src/stm32f1xx_hal_cortex.o
 .debug_rnglists
                0x00000780       0x3f ./Drivers/STM32F1xx_HAL_Driver/Src/stm32f1xx_hal_gpio.o
 .debug_rnglists
                0x000007bf       0x6c ./Drivers/STM32F1xx_HAL_Driver/Src/stm32f1xx_hal_rcc.o
 .debug_rnglists
                0x0000082b      0x31a ./Drivers/STM32F1xx_HAL_Driver/Src/stm32f1xx_hal_tim.o
 .debug_rnglists
                0x00000b45      0x125 ./Drivers/STM32F1xx_HAL_Driver/Src/stm32f1xx_hal_tim_ex.o
 .debug_rnglists
                0x00000c6a      0x1bc ./Drivers/STM32F1xx_HAL_Driver/Src/stm32f1xx_hal_uart.o

.debug_macro    0x00000000     0x3c3f
 .debug_macro   0x00000000       0xa9 ./AhuraRTOS/kernel/arch/arm/cortex_m3/os_arch_port.o
 .debug_macro   0x000000a9      0xacc ./AhuraRTOS/kernel/arch/arm/cortex_m3/os_arch_port.o
 .debug_macro   0x00000b75       0x22 ./AhuraRTOS/kernel/arch/arm/cortex_m3/os_arch_port.o
 .debug_macro   0x00000b97      0x190 ./AhuraRTOS/kernel/arch/arm/cortex_m3/os_arch_port.o
 .debug_macro   0x00000d27       0x22 ./AhuraRTOS/kernel/arch/arm/cortex_m3/os_arch_port.o
 .debug_macro   0x00000d49       0x8e ./AhuraRTOS/kernel/arch/arm/cortex_m3/os_arch_port.o
 .debug_macro   0x00000dd7       0x51 ./AhuraRTOS/kernel/arch/arm/cortex_m3/os_arch_port.o
 .debug_macro   0x00000e28      0x103 ./AhuraRTOS/kernel/arch/arm/cortex_m3/os_arch_port.o
 .debug_macro   0x00000f2b       0x6a ./AhuraRTOS/kernel/arch/arm/cortex_m3/os_arch_port.o
 .debug_macro   0x00000f95      0x1df ./AhuraRTOS/kernel/arch/arm/cortex_m3/os_arch_port.o
 .debug_macro   0x00001174       0x22 ./AhuraRTOS/kernel/arch/arm/cortex_m3/os_arch_port.o
 .debug_macro   0x00001196      0x11e ./AhuraRTOS/kernel/arch/arm/cortex_m3/os_arch_port.o
 .debug_macro   0x000012b4      0x131 ./AhuraRTOS/kernel/arch/arm/cortex_m3/os_arch_port.o
 .debug_macro   0x000013e5       0x64 ./AhuraRTOS/kernel/arch/arm/cortex_m3/os_arch_port.o
 .debug_macro   0x00001449       0xbe ./AhuraRTOS/kernel/core/os_critical.o
 .debug_macro   0x00001507       0xd0 ./AhuraRTOS/kernel/core/os_delay.o
 .debug_macro   0x000015d7       0xbe ./AhuraRTOS/kernel/core/os_kernel.o
 .debug_macro   0x00001695       0xaf ./AhuraRTOS/kernel/core/os_list.o
 .debug_macro   0x00001744      0x1c6 ./AhuraRTOS/kernel/core/os_log.o
 .debug_macro   0x0000190a       0x58 ./AhuraRTOS/kernel/core/os_log.o
 .debug_macro   0x00001962       0x61 ./AhuraRTOS/kernel/core/os_log.o
 .debug_macro   0x000019c3       0x24 ./AhuraRTOS/kernel/core/os_log.o
 .debug_macro   0x000019e7       0x43 ./AhuraRTOS/kernel/core/os_log.o
 .debug_macro   0x00001a2a       0x34 ./AhuraRTOS/kernel/core/os_log.o
 .debug_macro   0x00001a5e       0x16 ./AhuraRTOS/kernel/core/os_log.o
 .debug_macro   0x00001a74       0x3c ./AhuraRTOS/kernel/core/os_log.o
 .debug_macro   0x00001ab0      0x370 ./AhuraRTOS/kernel/core/os_log.o
 .debug_macro   0x00001e20       0x16 ./AhuraRTOS/kernel/core/os_log.o
 .debug_macro   0x00001e36       0x4a ./AhuraRTOS/kernel/core/os_log.o
 .debug_macro   0x00001e80       0x34 ./AhuraRTOS/kernel/core/os_log.o
 .debug_macro   0x00001eb4       0x10 ./AhuraRTOS/kernel/core/os_log.o
 .debug_macro   0x00001ec4       0x58 ./AhuraRTOS/kernel/core/os_log.o
 .debug_macro   0x00001f1c       0x8e ./AhuraRTOS/kernel/core/os_log.o
 .debug_macro   0x00001faa       0x1c ./AhuraRTOS/kernel/core/os_log.o
 .debug_macro   0x00001fc6      0x185 ./AhuraRTOS/kernel/core/os_log.o
 .debug_macro   0x0000214b       0x16 ./AhuraRTOS/kernel/core/os_log.o
 .debug_macro   0x00002161       0x16 ./AhuraRTOS/kernel/core/os_log.o
 .debug_macro   0x00002177      0x146 ./AhuraRTOS/kernel/core/os_log.o
 .debug_macro   0x000022bd       0x16 ./AhuraRTOS/kernel/core/os_log.o
 .debug_macro   0x000022d3       0x20 ./AhuraRTOS/kernel/core/os_log.o
 .debug_macro   0x000022f3       0xea ./AhuraRTOS/kernel/core/os_task.o
 .debug_macro   0x000023dd       0xbe ./AhuraRTOS/kernel/core/os_tick.o
 .debug_macro   0x0000249b       0xdc ./AhuraRTOS/kernel/core/os_timer.o
 .debug_macro   0x00002577      0x1f4 ./Core/Src/main.o
 .debug_macro   0x0000276b      0x11c ./Core/Src/main.o
 .debug_macro   0x00002887       0xaf ./Core/Src/os_cb.o
 .debug_macro   0x00002936      0x1ad ./Core/Src/stm32f1xx_hal_msp.o
 .debug_macro   0x00002ae3      0x1a3 ./Core/Src/stm32f1xx_hal_timebase_tim.o
 .debug_macro   0x00002c86      0x1fe ./Core/Src/stm32f1xx_it.o
 .debug_macro   0x00002e84      0x1a3 ./Core/Src/system_stm32f1xx.o
 .debug_macro   0x00003027      0x1c7 ./Drivers/STM32F1xx_HAL_Driver/Src/stm32f1xx_hal.o
 .debug_macro   0x000031ee      0x1a3 ./Drivers/STM32F1xx_HAL_Driver/Src/stm32f1xx_hal_cortex.o
 .debug_macro   0x00003391      0x20e ./Drivers/STM32F1xx_HAL_Driver/Src/stm32f1xx_hal_gpio.o
 .debug_macro   0x0000359f      0x1b5 ./Drivers/STM32F1xx_HAL_Driver/Src/stm32f1xx_hal_rcc.o
 .debug_macro   0x00003754      0x1a4 ./Drivers/STM32F1xx_HAL_Driver/Src/stm32f1xx_hal_tim.o
 .debug_macro   0x000038f8      0x1a3 ./Drivers/STM32F1xx_HAL_Driver/Src/stm32f1xx_hal_tim_ex.o
 .debug_macro   0x00003a9b      0x1a4 ./Drivers/STM32F1xx_HAL_Driver/Src/stm32f1xx_hal_uart.o

.debug_line     0x00000000    0x12cc1
 .debug_line    0x00000000      0x909 ./AhuraRTOS/kernel/arch/arm/cortex_m3/os_arch_port.o
 .debug_line    0x00000909      0x6a1 ./AhuraRTOS/kernel/core/os_critical.o
 .debug_line    0x00000faa      0x78e ./AhuraRTOS/kernel/core/os_delay.o
 .debug_line    0x00001738      0x7e4 ./AhuraRTOS/kernel/core/os_kernel.o
 .debug_line    0x00001f1c      0x6d6 ./AhuraRTOS/kernel/core/os_list.o
 .debug_line    0x000025f2      0x9ac ./AhuraRTOS/kernel/core/os_log.o
 .debug_line    0x00002f9e     0x1900 ./AhuraRTOS/kernel/core/os_task.o
 .debug_line    0x0000489e      0x6d5 ./AhuraRTOS/kernel/core/os_tick.o
 .debug_line    0x00004f73      0xb86 ./AhuraRTOS/kernel/core/os_timer.o
 .debug_line    0x00005af9      0x9db ./Core/Src/main.o
 .debug_line    0x000064d4      0x5d1 ./Core/Src/os_cb.o
 .debug_line    0x00006aa5      0x750 ./Core/Src/stm32f1xx_hal_msp.o
 .debug_line    0x000071f5      0x77b ./Core/Src/stm32f1xx_hal_timebase_tim.o
 .debug_line    0x00007970      0x93d ./Core/Src/stm32f1xx_it.o
 .debug_line    0x000082ad      0x77b ./Core/Src/system_stm32f1xx.o
 .debug_line    0x00008a28       0x79 ./Core/Startup/startup_stm32f103vetx.o
 .debug_line    0x00008aa1      0x9ac ./Drivers/STM32F1xx_HAL_Driver/Src/stm32f1xx_hal.o
 .debug_line    0x0000944d      0xb76 ./Drivers/STM32F1xx_HAL_Driver/Src/stm32f1xx_hal_cortex.o
 .debug_line    0x00009fc3      0xa31 ./Drivers/STM32F1xx_HAL_Driver/Src/stm32f1xx_hal_gpio.o
 .debug_line    0x0000a9f4      0xe65 ./Drivers/STM32F1xx_HAL_Driver/Src/stm32f1xx_hal_rcc.o
 .debug_line    0x0000b859     0x36ca ./Drivers/STM32F1xx_HAL_Driver/Src/stm32f1xx_hal_tim.o
 .debug_line    0x0000ef23     0x18d6 ./Drivers/STM32F1xx_HAL_Driver/Src/stm32f1xx_hal_tim_ex.o
 .debug_line    0x000107f9     0x24c8 ./Drivers/STM32F1xx_HAL_Driver/Src/stm32f1xx_hal_uart.o

.debug_str      0x00000000    0x9c4c6
 .debug_str     0x00000000    0x9c4c6 ./AhuraRTOS/kernel/arch/arm/cortex_m3/os_arch_port.o
                               0x557b (size before relaxing)
 .debug_str     0x0009c4c6     0x6337 ./AhuraRTOS/kernel/core/os_critical.o
 .debug_str     0x0009c4c6     0x619f ./AhuraRTOS/kernel/core/os_delay.o
 .debug_str     0x0009c4c6     0x65e3 ./AhuraRTOS/kernel/core/os_kernel.o
 .debug_str     0x0009c4c6     0x5ffa ./AhuraRTOS/kernel/core/os_list.o
 .debug_str     0x0009c4c6     0x9ec6 ./AhuraRTOS/kernel/core/os_log.o
 .debug_str     0x0009c4c6     0x71a1 ./AhuraRTOS/kernel/core/os_task.o
 .debug_str     0x0009c4c6     0x63ba ./AhuraRTOS/kernel/core/os_tick.o
 .debug_str     0x0009c4c6     0x6b3a ./AhuraRTOS/kernel/core/os_timer.o
 .debug_str     0x0009c4c6    0x94635 ./Core/Src/main.o
 .debug_str     0x0009c4c6     0x5fb5 ./Core/Src/os_cb.o
 .debug_str     0x0009c4c6    0x91f4a ./Core/Src/stm32f1xx_hal_msp.o
 .debug_str     0x0009c4c6    0x9249c ./Core/Src/stm32f1xx_hal_timebase_tim.o
 .debug_str     0x0009c4c6    0x93e08 ./Core/Src/stm32f1xx_it.o
 .debug_str     0x0009c4c6    0x91af0 ./Core/Src/system_stm32f1xx.o
 .debug_str     0x0009c4c6       0x92 ./Core/Startup/startup_stm32f103vetx.o
 .debug_str     0x0009c4c6    0x92307 ./Drivers/STM32F1xx_HAL_Driver/Src/stm32f1xx_hal.o
 .debug_str     0x0009c4c6    0x92253 ./Drivers/STM32F1xx_HAL_Driver/Src/stm32f1xx_hal_cortex.o
 .debug_str     0x0009c4c6    0x91e76 ./Drivers/STM32F1xx_HAL_Driver/Src/stm32f1xx_hal_gpio.o
 .debug_str     0x0009c4c6    0x91f1f ./Drivers/STM32F1xx_HAL_Driver/Src/stm32f1xx_hal_rcc.o
 .debug_str     0x0009c4c6    0x92f21 ./Drivers/STM32F1xx_HAL_Driver/Src/stm32f1xx_hal_tim.o
 .debug_str     0x0009c4c6    0x9272d ./Drivers/STM32F1xx_HAL_Driver/Src/stm32f1xx_hal_tim_ex.o
 .debug_str     0x0009c4c6    0x92590 ./Drivers/STM32F1xx_HAL_Driver/Src/stm32f1xx_hal_uart.o

.comment        0x00000000       0x43
 .comment       0x00000000       0x43 ./AhuraRTOS/kernel/arch/arm/cortex_m3/os_arch_port.o
                                 0x44 (size before relaxing)
 .comment       0x00000043       0x44 ./AhuraRTOS/kernel/core/os_critical.o
 .comment       0x00000043       0x44 ./AhuraRTOS/kernel/core/os_delay.o
 .comment       0x00000043       0x44 ./AhuraRTOS/kernel/core/os_kernel.o
 .comment       0x00000043       0x44 ./AhuraRTOS/kernel/core/os_list.o
 .comment       0x00000043       0x44 ./AhuraRTOS/kernel/core/os_log.o
 .comment       0x00000043       0x44 ./AhuraRTOS/kernel/core/os_task.o
 .comment       0x00000043       0x44 ./AhuraRTOS/kernel/core/os_tick.o
 .comment       0x00000043       0x44 ./AhuraRTOS/kernel/core/os_timer.o
 .comment       0x00000043       0x44 ./Core/Src/main.o
 .comment       0x00000043       0x44 ./Core/Src/os_cb.o
 .comment       0x00000043       0x44 ./Core/Src/stm32f1xx_hal_msp.o
 .comment       0x00000043       0x44 ./Core/Src/stm32f1xx_hal_timebase_tim.o
 .comment       0x00000043       0x44 ./Core/Src/stm32f1xx_it.o
 .comment       0x00000043       0x44 ./Core/Src/system_stm32f1xx.o
 .comment       0x00000043       0x44 ./Drivers/STM32F1xx_HAL_Driver/Src/stm32f1xx_hal.o
 .comment       0x00000043       0x44 ./Drivers/STM32F1xx_HAL_Driver/Src/stm32f1xx_hal_cortex.o
 .comment       0x00000043       0x44 ./Drivers/STM32F1xx_HAL_Driver/Src/stm32f1xx_hal_gpio.o
 .comment       0x00000043       0x44 ./Drivers/STM32F1xx_HAL_Driver/Src/stm32f1xx_hal_rcc.o
 .comment       0x00000043       0x44 ./Drivers/STM32F1xx_HAL_Driver/Src/stm32f1xx_hal_tim.o
 .comment       0x00000043       0x44 ./Drivers/STM32F1xx_HAL_Driver/Src/stm32f1xx_hal_tim_ex.o
 .comment       0x00000043       0x44 ./Drivers/STM32F1xx_HAL_Driver/Src/stm32f1xx_hal_uart.o

.debug_frame    0x00000000     0x4ac8
 .debug_frame   0x00000000      0x384 ./AhuraRTOS/kernel/arch/arm/cortex_m3/os_arch_port.o
 .debug_frame   0x00000384      0x15c ./AhuraRTOS/kernel/core/os_critical.o
 .debug_frame   0x000004e0      0x16c ./AhuraRTOS/kernel/core/os_delay.o
 .debug_frame   0x0000064c      0x26c ./AhuraRTOS/kernel/core/os_kernel.o
 .debug_frame   0x000008b8       0xfc ./AhuraRTOS/kernel/core/os_list.o
 .debug_frame   0x000009b4      0x19c ./AhuraRTOS/kernel/core/os_log.o
 .debug_frame   0x00000b50      0xa00 ./AhuraRTOS/kernel/core/os_task.o
 .debug_frame   0x00001550      0x12c ./AhuraRTOS/kernel/core/os_tick.o
 .debug_frame   0x0000167c      0x380 ./AhuraRTOS/kernel/core/os_timer.o
 .debug_frame   0x000019fc      0x130 ./Core/Src/main.o
 .debug_frame   0x00001b2c       0x88 ./Core/Src/os_cb.o
 .debug_frame   0x00001bb4       0x80 ./Core/Src/stm32f1xx_hal_msp.o
 .debug_frame   0x00001c34       0x74 ./Core/Src/stm32f1xx_hal_timebase_tim.o
 .debug_frame   0x00001ca8      0x100 ./Core/Src/stm32f1xx_it.o
 .debug_frame   0x00001da8       0x58 ./Core/Src/system_stm32f1xx.o
 .debug_frame   0x00001e00      0x334 ./Drivers/STM32F1xx_HAL_Driver/Src/stm32f1xx_hal.o
 .debug_frame   0x00002134      0x428 ./Drivers/STM32F1xx_HAL_Driver/Src/stm32f1xx_hal_cortex.o
 .debug_frame   0x0000255c      0x14c ./Drivers/STM32F1xx_HAL_Driver/Src/stm32f1xx_hal_gpio.o
 .debug_frame   0x000026a8      0x218 ./Drivers/STM32F1xx_HAL_Driver/Src/stm32f1xx_hal_rcc.o
 .debug_frame   0x000028c0     0x11b8 ./Drivers/STM32F1xx_HAL_Driver/Src/stm32f1xx_hal_tim.o
 .debug_frame   0x00003a78      0x638 ./Drivers/STM32F1xx_HAL_Driver/Src/stm32f1xx_hal_tim_ex.o
 .debug_frame   0x000040b0      0x944 ./Drivers/STM32F1xx_HAL_Driver/Src/stm32f1xx_hal_uart.o
 .debug_frame   0x000049f4       0x20 C:/ST/STM32CubeIDE_1.18.1/STM32CubeIDE/plugins/com.st.stm32cube.ide.mcu.externaltools.gnu-tools-for-stm32.13.3.rel1.win32_1.0.0.202411081344/tools/bin/../lib/gcc/arm-none-eabi/13.3.1/../../../../arm-none-eabi/lib/thumb/v7-m/nofp\libc_nano.a(libc_a-memset.o)
 .debug_frame   0x00004a14       0x2c C:/ST/STM32CubeIDE_1.18.1/STM32CubeIDE/plugins/com.st.stm32cube.ide.mcu.externaltools.gnu-tools-for-stm32.13.3.rel1.win32_1.0.0.202411081344/tools/bin/../lib/gcc/arm-none-eabi/13.3.1/../../../../arm-none-eabi/lib/thumb/v7-m/nofp\libc_nano.a(libc_a-init.o)
 .debug_frame   0x00004a40       0x28 C:/ST/STM32CubeIDE_1.18.1/STM32CubeIDE/plugins/com.st.stm32cube.ide.mcu.externaltools.gnu-tools-for-stm32.13.3.rel1.win32_1.0.0.202411081344/tools/bin/../lib/gcc/arm-none-eabi/13.3.1/../../../../arm-none-eabi/lib/thumb/v7-m/nofp\libc_nano.a(libc_a-memcpy-stub.o)
 .debug_frame   0x00004a68       0x2c C:/ST/STM32CubeIDE_1.18.1/STM32CubeIDE/plugins/com.st.stm32cube.ide.mcu.externaltools.gnu-tools-for-stm32.13.3.rel1.win32_1.0.0.202411081344/tools/bin/../lib/gcc/arm-none-eabi/13.3.1/thumb/v7-m/nofp\libgcc.a(_aeabi_uldivmod.o)
 .debug_frame   0x00004a94       0x34 C:/ST/STM32CubeIDE_1.18.1/STM32CubeIDE/plugins/com.st.stm32cube.ide.mcu.externaltools.gnu-tools-for-stm32.13.3.rel1.win32_1.0.0.202411081344/tools/bin/../lib/gcc/arm-none-eabi/13.3.1/thumb/v7-m/nofp\libgcc.a(_udivmoddi4.o)

.debug_line_str
                0x00000000       0x76
 .debug_line_str
                0x00000000       0x76 ./Core/Startup/startup_stm32f103vetx.o
