../AhuraRTOS/kernel/arch/arm/cortex_m3/../common/os_arch_port_common.h:429:24:os_arch_primask_get	16	static,ignoring_inline_asm
../AhuraRTOS/kernel/arch/arm/cortex_m3/../common/os_arch_port_common.h:530:20:os_arch_config_fault_trap	4	static,ignoring_inline_asm
../AhuraRTOS/kernel/arch/arm/cortex_m3/../common/os_arch_port_common.h:556:20:os_arch_vector_check	32	static
../AhuraRTOS/kernel/arch/arm/cortex_m3/../common/os_arch_port_common.h:684:24:os_arch_clock_hz_get	4	static
../AhuraRTOS/kernel/arch/arm/cortex_m3/../common/os_arch_cycle_systick.c:64:17:os_arch_cycle_systick_get	24	static,ignoring_inline_asm
../AhuraRTOS/kernel/arch/arm/cortex_m3/../common/os_arch_cycle_systick.c:111:13:os_arch_cycle_systick_reset	4	static
../AhuraRTOS/kernel/arch/arm/cortex_m3/../common/os_arch_atomic.c:66:9:os_arch_atomic_exchange	24	static,ignoring_inline_asm
../AhuraRTOS/kernel/arch/arm/cortex_m3/../common/os_arch_atomic.c:94:9:os_arch_atomic_add	32	static,ignoring_inline_asm
../AhuraRTOS/kernel/arch/arm/cortex_m3/../common/os_arch_atomic.c:121:9:os_arch_atomic_sub	32	static,ignoring_inline_asm
../AhuraRTOS/kernel/arch/arm/cortex_m3/../common/os_arch_atomic.c:148:9:os_arch_atomic_or	32	static,ignoring_inline_asm
../AhuraRTOS/kernel/arch/arm/cortex_m3/../common/os_arch_atomic.c:175:9:os_arch_atomic_and	32	static,ignoring_inline_asm
../AhuraRTOS/kernel/arch/arm/cortex_m3/../common/os_arch_atomic.c:202:9:os_arch_atomic_xor	32	static,ignoring_inline_asm
../AhuraRTOS/kernel/arch/arm/cortex_m3/../common/os_arch_atomic.c:232:9:os_arch_atomic_nand	32	static,ignoring_inline_asm
../AhuraRTOS/kernel/arch/arm/cortex_m3/../common/os_arch_atomic.c:267:6:os_arch_atomic_cas	32	static,ignoring_inline_asm
../AhuraRTOS/kernel/arch/arm/cortex_m3/../common/os_arch_port_v7m.c:204:6:os_arch_init	16	static,ignoring_inline_asm
../AhuraRTOS/kernel/arch/arm/cortex_m3/../common/os_arch_port_v7m.c:300:6:os_arch_start_first_task	4	static,ignoring_inline_asm
../AhuraRTOS/kernel/arch/arm/cortex_m3/../common/os_arch_port_v7m.c:337:6:os_arch_tick_init	16	static
../AhuraRTOS/kernel/arch/arm/cortex_m3/../common/os_arch_port_v7m.c:376:11:os_arch_task_stack_initialize	32	static
../AhuraRTOS/kernel/arch/arm/cortex_m3/../common/os_arch_port_v7m.c:424:10:os_arch_cycle_count_get	8	static
../AhuraRTOS/kernel/arch/arm/cortex_m3/../common/os_arch_port_v7m.c:440:10:os_arch_elapsed_ticks_get	4	static
../AhuraRTOS/kernel/arch/arm/cortex_m3/../common/os_arch_port_v7m.c:467:6:os_arch_sleep_finish	4	static
../AhuraRTOS/kernel/arch/arm/cortex_m3/../common/os_arch_port_v7m.c:481:6:os_arch_sleep_prepare	16	static
../AhuraRTOS/kernel/arch/arm/cortex_m3/../common/os_arch_port_v7m.c:499:10:os_arch_max_suppressed_ticks_get	4	static
../AhuraRTOS/kernel/arch/arm/cortex_m3/../common/os_arch_port_v7m.c:530:13:os_arch_dwt_enable	24	static
../AhuraRTOS/kernel/arch/arm/cortex_m3/../common/os_arch_port_v7m.c:570:13:os_arch_task_exit_trap	8	static,ignoring_inline_asm
